Archive member included to satisfy reference by file (symbol)

c:/ac6/systemworkbench/plugins/fr.ac6.mcu.externaltools.arm-none.win32_1.15.0.201708311556/tools/compiler/bin/../lib/gcc/arm-none-eabi/6.3.1/../../../../arm-none-eabi/lib/thumb/v7-m\libc.a(lib_a-errno.o)
                              src/syscalls.o (__errno)
c:/ac6/systemworkbench/plugins/fr.ac6.mcu.externaltools.arm-none.win32_1.15.0.201708311556/tools/compiler/bin/../lib/gcc/arm-none-eabi/6.3.1/../../../../arm-none-eabi/lib/thumb/v7-m\libc.a(lib_a-exit.o)
                              c:/ac6/systemworkbench/plugins/fr.ac6.mcu.externaltools.arm-none.win32_1.15.0.201708311556/tools/compiler/bin/../lib/gcc/arm-none-eabi/6.3.1/../../../../arm-none-eabi/lib/thumb/v7-m/crt0.o (exit)
c:/ac6/systemworkbench/plugins/fr.ac6.mcu.externaltools.arm-none.win32_1.15.0.201708311556/tools/compiler/bin/../lib/gcc/arm-none-eabi/6.3.1/../../../../arm-none-eabi/lib/thumb/v7-m\libc.a(lib_a-impure.o)
                              c:/ac6/systemworkbench/plugins/fr.ac6.mcu.externaltools.arm-none.win32_1.15.0.201708311556/tools/compiler/bin/../lib/gcc/arm-none-eabi/6.3.1/../../../../arm-none-eabi/lib/thumb/v7-m\libc.a(lib_a-exit.o) (_global_impure_ptr)
c:/ac6/systemworkbench/plugins/fr.ac6.mcu.externaltools.arm-none.win32_1.15.0.201708311556/tools/compiler/bin/../lib/gcc/arm-none-eabi/6.3.1/../../../../arm-none-eabi/lib/thumb/v7-m\libc.a(lib_a-init.o)
                              c:/ac6/systemworkbench/plugins/fr.ac6.mcu.externaltools.arm-none.win32_1.15.0.201708311556/tools/compiler/bin/../lib/gcc/arm-none-eabi/6.3.1/../../../../arm-none-eabi/lib/thumb/v7-m/crt0.o (__libc_init_array)
c:/ac6/systemworkbench/plugins/fr.ac6.mcu.externaltools.arm-none.win32_1.15.0.201708311556/tools/compiler/bin/../lib/gcc/arm-none-eabi/6.3.1/../../../../arm-none-eabi/lib/thumb/v7-m\libc.a(lib_a-memset.o)
                              c:/ac6/systemworkbench/plugins/fr.ac6.mcu.externaltools.arm-none.win32_1.15.0.201708311556/tools/compiler/bin/../lib/gcc/arm-none-eabi/6.3.1/../../../../arm-none-eabi/lib/thumb/v7-m/crt0.o (memset)
c:/ac6/systemworkbench/plugins/fr.ac6.mcu.externaltools.arm-none.win32_1.15.0.201708311556/tools/compiler/bin/../lib/gcc/arm-none-eabi/6.3.1/../../../../arm-none-eabi/lib/thumb/v7-m\libc.a(lib_a-sprintf.o)
                              src/RaspberryPi_Comms.o (sprintf)
c:/ac6/systemworkbench/plugins/fr.ac6.mcu.externaltools.arm-none.win32_1.15.0.201708311556/tools/compiler/bin/../lib/gcc/arm-none-eabi/6.3.1/../../../../arm-none-eabi/lib/thumb/v7-m\libc.a(lib_a-strncmp.o)
                              src/NEO6_GPS.o (strncmp)
c:/ac6/systemworkbench/plugins/fr.ac6.mcu.externaltools.arm-none.win32_1.15.0.201708311556/tools/compiler/bin/../lib/gcc/arm-none-eabi/6.3.1/../../../../arm-none-eabi/lib/thumb/v7-m\libc.a(lib_a-strncpy.o)
                              src/NEO6_GPS.o (strncpy)
c:/ac6/systemworkbench/plugins/fr.ac6.mcu.externaltools.arm-none.win32_1.15.0.201708311556/tools/compiler/bin/../lib/gcc/arm-none-eabi/6.3.1/../../../../arm-none-eabi/lib/thumb/v7-m\libc.a(lib_a-svfprintf.o)
                              c:/ac6/systemworkbench/plugins/fr.ac6.mcu.externaltools.arm-none.win32_1.15.0.201708311556/tools/compiler/bin/../lib/gcc/arm-none-eabi/6.3.1/../../../../arm-none-eabi/lib/thumb/v7-m\libc.a(lib_a-sprintf.o) (_svfprintf_r)
c:/ac6/systemworkbench/plugins/fr.ac6.mcu.externaltools.arm-none.win32_1.15.0.201708311556/tools/compiler/bin/../lib/gcc/arm-none-eabi/6.3.1/../../../../arm-none-eabi/lib/thumb/v7-m\libc.a(lib_a-__call_atexit.o)
                              c:/ac6/systemworkbench/plugins/fr.ac6.mcu.externaltools.arm-none.win32_1.15.0.201708311556/tools/compiler/bin/../lib/gcc/arm-none-eabi/6.3.1/../../../../arm-none-eabi/lib/thumb/v7-m\libc.a(lib_a-exit.o) (__call_exitprocs)
c:/ac6/systemworkbench/plugins/fr.ac6.mcu.externaltools.arm-none.win32_1.15.0.201708311556/tools/compiler/bin/../lib/gcc/arm-none-eabi/6.3.1/../../../../arm-none-eabi/lib/thumb/v7-m\libc.a(lib_a-atexit.o)
                              c:/ac6/systemworkbench/plugins/fr.ac6.mcu.externaltools.arm-none.win32_1.15.0.201708311556/tools/compiler/bin/../lib/gcc/arm-none-eabi/6.3.1/../../../../arm-none-eabi/lib/thumb/v7-m\libc.a(lib_a-__call_atexit.o) (atexit)
c:/ac6/systemworkbench/plugins/fr.ac6.mcu.externaltools.arm-none.win32_1.15.0.201708311556/tools/compiler/bin/../lib/gcc/arm-none-eabi/6.3.1/../../../../arm-none-eabi/lib/thumb/v7-m\libc.a(lib_a-dtoa.o)
                              c:/ac6/systemworkbench/plugins/fr.ac6.mcu.externaltools.arm-none.win32_1.15.0.201708311556/tools/compiler/bin/../lib/gcc/arm-none-eabi/6.3.1/../../../../arm-none-eabi/lib/thumb/v7-m\libc.a(lib_a-svfprintf.o) (_dtoa_r)
c:/ac6/systemworkbench/plugins/fr.ac6.mcu.externaltools.arm-none.win32_1.15.0.201708311556/tools/compiler/bin/../lib/gcc/arm-none-eabi/6.3.1/../../../../arm-none-eabi/lib/thumb/v7-m\libc.a(lib_a-fini.o)
[...]
Memory Configuration

Name             Origin             Length             Attributes
RAM              0x20000000         0x00005000         xrw
ROM              0x08000000         0x00010000         xr
*default*        0x00000000         0xffffffff

Linker script and memory map

LOAD c:/ac6/systemworkbench/plugins/fr.ac6.mcu.externaltools.arm-none.win32_1.15.0.201708311556/tools/compiler/bin/../lib/gcc/arm-none-eabi/6.3.1/thumb/v7-m/crti.o
LOAD c:/ac6/systemworkbench/plugins/fr.ac6.mcu.externaltools.arm-none.win32_1.15.0.201708311556/tools/compiler/bin/../lib/gcc/arm-none-eabi/6.3.1/thumb/v7-m/crtbegin.o
LOAD c:/ac6/systemworkbench/plugins/fr.ac6.mcu.externaltools.arm-none.win32_1.15.0.201708311556/tools/compiler/bin/../lib/gcc/arm-none-eabi/6.3.1/../../../../arm-none-eabi/lib/thumb/v7-m/crt0.o
LOAD CMSIS/core/core_cm3.o
LOAD StdPeriph_Driver/src/misc.o
LOAD StdPeriph_Driver/src/stm32f10x_adc.o
LOAD StdPeriph_Driver/src/stm32f10x_bkp.o
LOAD StdPeriph_Driver/src/stm32f10x_can.o
LOAD StdPeriph_Driver/src/stm32f10x_cec.o
LOAD StdPeriph_Driver/src/stm32f10x_crc.o
LOAD StdPeriph_Driver/src/stm32f10x_dac.o
LOAD StdPeriph_Driver/src/stm32f10x_dbgmcu.o
LOAD StdPeriph_Driver/src/stm32f10x_dma.o
LOAD StdPeriph_Driver/src/stm32f10x_exti.o
LOAD StdPeriph_Driver/src/stm32f10x_flash.o
LOAD StdPeriph_Driver/src/stm32f10x_fsmc.o
LOAD StdPeriph_Driver/src/stm32f10x_gpio.o
LOAD StdPeriph_Driver/src/stm32f10x_i2c.o
LOAD StdPeriph_Driver/src/stm32f10x_iwdg.o
LOAD StdPeriph_Driver/src/stm32f10x_pwr.o
LOAD StdPeriph_Driver/src/stm32f10x_rcc.o
LOAD StdPeriph_Driver/src/stm32f10x_rtc.o
LOAD StdPeriph_Driver/src/stm32f10x_sdio.o
LOAD StdPeriph_Driver/src/stm32f10x_spi.o
LOAD StdPeriph_Driver/src/stm32f10x_tim.o
LOAD StdPeriph_Driver/src/stm32f10x_usart.o
LOAD StdPeriph_Driver/src/stm32f10x_wwdg.o
LOAD src/AmbientTemperature.o
LOAD src/BMS.o
LOAD src/NEO6_GPS.o
LOAD src/RaspberryPi_Comms.o
LOAD src/main.o
LOAD src/periph_setup.o
LOAD src/syscalls.o
LOAD src/system_stm32f10x.o
LOAD src/usbSetup.o
LOAD startup/startup_stm32.o
LOAD c:/ac6/systemworkbench/plugins/fr.ac6.mcu.externaltools.arm-none.win32_1.15.0.201708311556/tools/compiler/bin/../lib/gcc/arm-none-eabi/6.3.1/../../../../arm-none-eabi/lib/thumb/v7-m\libm.a
START GROUP
LOAD c:/ac6/systemworkbench/plugins/fr.ac6.mcu.externaltools.arm-none.win32_1.15.0.201708311556/tools/compiler/bin/../lib/gcc/arm-none-eabi/6.3.1/thumb/v7-m\libgcc.a
LOAD c:/ac6/systemworkbench/plugins/fr.ac6.mcu.externaltools.arm-none.win32_1.15.0.201708311556/tools/compiler/bin/../lib/gcc/arm-none-eabi/6.3.1/../../../../arm-none-eabi/lib/thumb/v7-m\libc.a
END GROUP
LOAD c:/ac6/systemworkbench/plugins/fr.ac6.mcu.externaltools.arm-none.win32_1.15.0.201708311556/tools/compiler/bin/../lib/gcc/arm-none-eabi/6.3.1/thumb/v7-m/crtend.o
LOAD c:/ac6/systemworkbench/plugins/fr.ac6.mcu.externaltools.arm-none.win32_1.15.0.201708311556/tools/compiler/bin/../lib/gcc/arm-none-eabi/6.3.1/thumb/v7-m/crtn.o
                0x20005000                _estack = 0x20005000
                0x00000000                _Min_Heap_Size = 0x0
                0x00000400                _Min_Stack_Size = 0x400

.isr_vector     0x08000000      0x130
                0x08000000                . = ALIGN (0x4)
 *(.isr_vector)
 .isr_vector    0x08000000      0x130 startup/startup_stm32.o
                0x08000000                g_pfnVectors
                0x08000130                . = ALIGN (0x4)

.text           0x08000130     0x7440
                0x08000130                . = ALIGN (0x4)
 *(.text)
 .text          0x08000130       0x6c c:/ac6/systemworkbench/plugins/fr.ac6.mcu.externaltools.arm-none.win32_1.15.0.201708311556/tools/compiler/bin/../lib/gcc/arm-none-eabi/6.3.1/thumb/v7-m/crtbegin.o
 .text          0x0800019c       0xec c:/ac6/systemworkbench/plugins/fr.ac6.mcu.externaltools.arm-none.win32_1.15.0.201708311556/tools/compiler/bin/../lib/gcc/arm-none-eabi/6.3.1/../../../../arm-none-eabi/lib/thumb/v7-m\libc.a(lib_a-memcpy.o)
                0x0800019c                memcpy
 .text          0x08000288      0x370 c:/ac6/systemworkbench/plugins/fr.ac6.mcu.externaltools.arm-none.win32_1.15.0.201708311556/tools/compiler/bin/../lib/gcc/arm-none-eabi/6.3.1/thumb/v7-m\libgcc.a(_arm_addsubdf3.o)
                0x08000288                __aeabi_drsub
                0x08000290                __aeabi_dsub
                0x08000290                __subdf3
                0x08000294                __aeabi_dadd
                0x08000294                __adddf3
                0x0800050c                __floatunsidf
                0x0800050c                __aeabi_ui2d
                0x0800052c                __floatsidf
                0x0800052c                __aeabi_i2d
                0x08000550                __aeabi_f2d
                0x08000550                __extendsfdf2
                0x0800058c                __floatundidf
                0x0800058c                __aeabi_ul2d
                0x0800059c                __floatdidf
                0x0800059c                __aeabi_l2d
 .text          0x080005f8      0x424 c:/ac6/systemworkbench/plugins/fr.ac6.mcu.externaltools.arm-none.win32_1.15.0.201708311556/tools/compiler/bin/../lib/gcc/arm-none-eabi/6.3.1/thumb/v7-m\libgcc.a(_arm_muldivdf3.o)
                0x080005f8                __aeabi_dmul
                0x080005f8                __muldf3
                0x0800084c                __divdf3
                0x0800084c                __aeabi_ddiv
 .text          0x08000a1c      0x110 c:/ac6/systemworkbench/plugins/fr.ac6.mcu.externaltools.arm-none.win32_1.15.0.201708311556/tools/compiler/bin/../lib/gcc/arm-none-eabi/6.3.1/thumb/v7-m\libgcc.a(_arm_cmpdf2.o)
                0x08000a1c                __gtdf2
                0x08000a1c                __gedf2
                0x08000a24                __ltdf2
                0x08000a24                __ledf2
                0x08000a2c                __nedf2
                0x08000a2c                __eqdf2
                0x08000a2c                __cmpdf2
                0x08000aa8                __aeabi_cdrcmple
                0x08000ab8                __aeabi_cdcmpeq
                0x08000ab8                __aeabi_cdcmple
                0x08000ac8                __aeabi_dcmpeq
                0x08000adc                __aeabi_dcmplt
                0x08000af0                __aeabi_dcmple
                0x08000b04                __aeabi_dcmpge
                0x08000b18                __aeabi_dcmpgt
 .text          0x08000b2c       0x2c c:/ac6/systemworkbench/plugins/fr.ac6.mcu.externaltools.arm-none.win32_1.15.0.201708311556/tools/compiler/bin/../lib/gcc/arm-none-eabi/6.3.1/thumb/v7-m\libgcc.a(_arm_unorddf2.o)
                0x08000b2c                __unorddf2
                0x08000b2c                __aeabi_dcmpun
 .text          0x08000b58       0x50 c:/ac6/systemworkbench/plugins/fr.ac6.mcu.externaltools.arm-none.win32_1.15.0.201708311556/tools/compiler/bin/../lib/gcc/arm-none-eabi/6.3.1/thumb/v7-m\libgcc.a(_arm_fixdfsi.o)
                0x08000b58                __aeabi_d2iz
                0x08000b58                __fixdfsi
 .text          0x08000ba8       0x30 c:/ac6/systemworkbench/plugins/fr.ac6.mcu.externaltools.arm-none.win32_1.15.0.201708311556/tools/compiler/bin/../lib/gcc/arm-none-eabi/6.3.1/thumb/v7-m\libgcc.a(_aeabi_uldivmod.o)
                0x08000ba8                __aeabi_uldivmod
 .text          0x08000bd8      0x2dc c:/ac6/systemworkbench/plugins/fr.ac6.mcu.externaltools.arm-none.win32_1.15.0.201708311556/tools/compiler/bin/../lib/gcc/arm-none-eabi/6.3.1/thumb/v7-m\libgcc.a(_udivmoddi4.o)
                0x08000bd8                __udivmoddi4
 .text          0x08000eb4        0x4 c:/ac6/systemworkbench/plugins/fr.ac6.mcu.externaltools.arm-none.win32_1.15.0.201708311556/tools/compiler/bin/../lib/gcc/arm-none-eabi/6.3.1/thumb/v7-m\libgcc.a(_dvmd_tls.o)
                0x08000eb4                __aeabi_idiv0
                0x08000eb4                __aeabi_ldiv0
 *(.text*)
 .text.NVIC_Init
                0x08000eb8       0xc4 StdPeriph_Driver/src/misc.o
                0x08000eb8                NVIC_Init
 .text.ADC_DeInit
                0x08000f7c       0x74 StdPeriph_Driver/src/stm32f10x_adc.o
                0x08000f7c                ADC_DeInit
 .text.ADC_Init
                0x08000ff0       0xa4 StdPeriph_Driver/src/stm32f10x_adc.o
                0x08000ff0                ADC_Init
 .text.ADC_Cmd  0x08001094       0x36 StdPeriph_Driver/src/stm32f10x_adc.o
                0x08001094                ADC_Cmd
 .text.ADC_DMACmd
                0x080010ca       0x36 StdPeriph_Driver/src/stm32f10x_adc.o
                0x080010ca                ADC_DMACmd
 .text.ADC_ResetCalibration
                0x08001100       0x1e StdPeriph_Driver/src/stm32f10x_adc.o
                0x08001100                ADC_ResetCalibration
 .text.ADC_StartCalibration
                0x0800111e       0x1e StdPeriph_Driver/src/stm32f10x_adc.o
                0x0800111e                ADC_StartCalibration
 .text.ADC_GetCalibrationStatus
                0x0800113c       0x2e StdPeriph_Driver/src/stm32f10x_adc.o
                0x0800113c                ADC_GetCalibrationStatus
 .text.ADC_SoftwareStartConvCmd
                0x0800116a       0x36 StdPeriph_Driver/src/stm32f10x_adc.o
                0x0800116a                ADC_SoftwareStartConvCmd
 .text.ADC_RegularChannelConfig
                0x080011a0      0x192 StdPeriph_Driver/src/stm32f10x_adc.o
                0x080011a0                ADC_RegularChannelConfig
 .text.ADC_ExternalTrigConvCmd
                0x08001332       0x36 StdPeriph_Driver/src/stm32f10x_adc.o
                0x08001332                ADC_ExternalTrigConvCmd
 .text.DMA_DeInit
                0x08001368      0x178 StdPeriph_Driver/src/stm32f10x_dma.o
                0x08001368                DMA_DeInit
 .text.DMA_Init
                0x080014e0       0x7c StdPeriph_Driver/src/stm32f10x_dma.o
                0x080014e0                DMA_Init
 .text.DMA_Cmd  0x0800155c       0x38 StdPeriph_Driver/src/stm32f10x_dma.o
                0x0800155c                DMA_Cmd
 .text.DMA_ITConfig
                0x08001594       0x3a StdPeriph_Driver/src/stm32f10x_dma.o
                0x08001594                DMA_ITConfig
 *fill*         0x080015ce        0x2 
 .text.DMA_ClearFlag
                0x080015d0       0x34 StdPeriph_Driver/src/stm32f10x_dma.o
                0x080015d0                DMA_ClearFlag
 .text.FLASH_SetLatency
                0x08001604       0x38 StdPeriph_Driver/src/stm32f10x_flash.o
                0x08001604                FLASH_SetLatency
 .text.GPIO_DeInit
                0x0800163c       0xe4 StdPeriph_Driver/src/stm32f10x_gpio.o
                0x0800163c                GPIO_DeInit
 .text.GPIO_AFIODeInit
                0x08001720       0x18 StdPeriph_Driver/src/stm32f10x_gpio.o
                0x08001720                GPIO_AFIODeInit
 .text.GPIO_Init
                0x08001738      0x178 StdPeriph_Driver/src/stm32f10x_gpio.o
                0x08001738                GPIO_Init
 .text.I2C_DeInit
                0x080018b0       0x48 StdPeriph_Driver/src/stm32f10x_i2c.o
                0x080018b0                I2C_DeInit
 .text.I2C_Init
                0x080018f8      0x184 StdPeriph_Driver/src/stm32f10x_i2c.o
                0x080018f8                I2C_Init
 .text.I2C_Cmd  0x08001a7c       0x3e StdPeriph_Driver/src/stm32f10x_i2c.o
                0x08001a7c                I2C_Cmd
 .text.I2C_ITConfig
                0x08001aba       0x46 StdPeriph_Driver/src/stm32f10x_i2c.o
                0x08001aba                I2C_ITConfig
 .text.RCC_DeInit
                0x08001b00       0x5c StdPeriph_Driver/src/stm32f10x_rcc.o
                0x08001b00                RCC_DeInit
 .text.RCC_HSEConfig
                0x08001b5c       0x5c StdPeriph_Driver/src/stm32f10x_rcc.o
                0x08001b5c                RCC_HSEConfig
 .text.RCC_WaitForHSEStartUp
                0x08001bb8       0x50 StdPeriph_Driver/src/stm32f10x_rcc.o
                0x08001bb8                RCC_WaitForHSEStartUp
 .text.RCC_PLLConfig
                0x08001c08       0x3c StdPeriph_Driver/src/stm32f10x_rcc.o
                0x08001c08                RCC_PLLConfig
 .text.RCC_PLLCmd
                0x08001c44       0x20 StdPeriph_Driver/src/stm32f10x_rcc.o
                0x08001c44                RCC_PLLCmd
 .text.RCC_SYSCLKConfig
                0x08001c64       0x38 StdPeriph_Driver/src/stm32f10x_rcc.o
                0x08001c64                RCC_SYSCLKConfig
 .text.RCC_GetSYSCLKSource
                0x08001c9c       0x1c StdPeriph_Driver/src/stm32f10x_rcc.o
                0x08001c9c                RCC_GetSYSCLKSource
 .text.RCC_HCLKConfig
                0x08001cb8       0x38 StdPeriph_Driver/src/stm32f10x_rcc.o
                0x08001cb8                RCC_HCLKConfig
 .text.RCC_PCLK1Config
                0x08001cf0       0x38 StdPeriph_Driver/src/stm32f10x_rcc.o
                0x08001cf0                RCC_PCLK1Config
 .text.RCC_PCLK2Config
                0x08001d28       0x38 StdPeriph_Driver/src/stm32f10x_rcc.o
                0x08001d28                RCC_PCLK2Config
 .text.RCC_ADCCLKConfig
                0x08001d60       0x38 StdPeriph_Driver/src/stm32f10x_rcc.o
                0x08001d60                RCC_ADCCLKConfig
 .text.RCC_GetClocksFreq
                0x08001d98      0x160 StdPeriph_Driver/src/stm32f10x_rcc.o
                0x08001d98                RCC_GetClocksFreq
 .text.RCC_AHBPeriphClockCmd
                0x08001ef8       0x3c StdPeriph_Driver/src/stm32f10x_rcc.o
                0x08001ef8                RCC_AHBPeriphClockCmd
 .text.RCC_APB2PeriphClockCmd
                0x08001f34       0x3c StdPeriph_Driver/src/stm32f10x_rcc.o
                0x08001f34                RCC_APB2PeriphClockCmd
 .text.RCC_APB1PeriphClockCmd
                0x08001f70       0x3c StdPeriph_Driver/src/stm32f10x_rcc.o
                0x08001f70                RCC_APB1PeriphClockCmd
 .text.RCC_APB2PeriphResetCmd
                0x08001fac       0x3c StdPeriph_Driver/src/stm32f10x_rcc.o
                0x08001fac                RCC_APB2PeriphResetCmd
 .text.RCC_APB1PeriphResetCmd
                0x08001fe8       0x3c StdPeriph_Driver/src/stm32f10x_rcc.o
                0x08001fe8                RCC_APB1PeriphResetCmd
 .text.RCC_GetFlagStatus
                0x08002024       0x74 StdPeriph_Driver/src/stm32f10x_rcc.o
                0x08002024                RCC_GetFlagStatus
 .text.TIM_TimeBaseInit
                0x08002098       0xf8 StdPeriph_Driver/src/stm32f10x_tim.o
                0x08002098                TIM_TimeBaseInit
 .text.TIM_Cmd  0x08002190       0x3e StdPeriph_Driver/src/stm32f10x_tim.o
                0x08002190                TIM_Cmd
 .text.TIM_ITConfig
                0x080021ce       0x46 StdPeriph_Driver/src/stm32f10x_tim.o
                0x080021ce                TIM_ITConfig
 .text.TIM_GetFlagStatus
                0x08002214       0x36 StdPeriph_Driver/src/stm32f10x_tim.o
                0x08002214                TIM_GetFlagStatus
 .text.TIM_ClearFlag
                0x0800224a       0x20 StdPeriph_Driver/src/stm32f10x_tim.o
                0x0800224a                TIM_ClearFlag
 *fill*         0x0800226a        0x2 
 .text.USART_DeInit
                0x0800226c       0xb8 StdPeriph_Driver/src/stm32f10x_usart.o
                0x0800226c                USART_DeInit
 .text.USART_Init
                0x08002324      0x174 StdPeriph_Driver/src/stm32f10x_usart.o
                0x08002324                USART_Init
 .text.USART_StructInit
                0x08002498       0x38 StdPeriph_Driver/src/stm32f10x_usart.o
                0x08002498                USART_StructInit
 .text.USART_ClockInit
                0x080024d0       0x56 StdPeriph_Driver/src/stm32f10x_usart.o
                0x080024d0                USART_ClockInit
 .text.USART_ClockStructInit
                0x08002526       0x2a StdPeriph_Driver/src/stm32f10x_usart.o
                0x08002526                USART_ClockStructInit
 .text.USART_Cmd
                0x08002550       0x3e StdPeriph_Driver/src/stm32f10x_usart.o
                0x08002550                USART_Cmd
 .text.USART_ITConfig
                0x0800258e       0x8e StdPeriph_Driver/src/stm32f10x_usart.o
                0x0800258e                USART_ITConfig
 .text.calculateTemperature
                0x0800261c      0x140 src/AmbientTemperature.o
                0x0800261c                calculateTemperature
 .text.storeTemperatureData
                0x0800275c       0x98 src/AmbientTemperature.o
                0x0800275c                storeTemperatureData
 .text.requestTemperatureData
                0x080027f4      0x24c src/AmbientTemperature.o
                0x080027f4                requestTemperatureData
 .text.DMA1_Channel1_IRQHandler
                0x08002a40        0xe src/BMS.o
                0x08002a40                DMA1_Channel1_IRQHandler
 *fill*         0x08002a4e        0x2 
 .text.initBMS  0x08002a50       0x6c src/BMS.o
                0x08002a50                initBMS
 .text.getAmps  0x08002abc       0xcc src/BMS.o
                0x08002abc                getAmps
 .text.batterySOC
                0x08002b88       0x84 src/BMS.o
                0x08002b88                batterySOC
 .text.getVolts
                0x08002c0c       0x8c src/BMS.o
                0x08002c0c                getVolts
 .text.getPower
                0x08002c98       0x50 src/BMS.o
                0x08002c98                getPower
 .text.gpsGetSpeed
                0x08002ce8       0x84 src/NEO6_GPS.o
                0x08002ce8                gpsGetSpeed
 .text.gpsQualityCheck
                0x08002d6c       0x88 src/NEO6_GPS.o
                0x08002d6c                gpsQualityCheck
 .text.USART2_IRQHandler
                0x08002df4       0xc0 src/NEO6_GPS.o
                0x08002df4                USART2_IRQHandler
 .text.outChar  0x08002eb4       0x50 src/RaspberryPi_Comms.o
                0x08002eb4                outChar
 .text.crlf     0x08002f04       0x14 src/RaspberryPi_Comms.o
                0x08002f04                crlf
 .text.printString
                0x08002f18       0x2a src/RaspberryPi_Comms.o
                0x08002f18                printString
 *fill*         0x08002f42        0x2 
 .text.USART1_IRQHandler
                0x08002f44       0xbc src/RaspberryPi_Comms.o
                0x08002f44                USART1_IRQHandler
 .text.main     0x08003000      0x230 src/main.o
                0x08003000                main
 .text.NVIC_EnableIRQ
                0x08003230       0x30 src/periph_setup.o
 .text.init_clock_72MHZ
                0x08003260       0x5e src/periph_setup.o
                0x08003260                init_clock_72MHZ
 *fill*         0x080032be        0x2 
 .text.init_AFIO
                0x080032c0      0x154 src/periph_setup.o
                0x080032c0                init_AFIO
 .text.init_DMA
                0x08003414       0x90 src/periph_setup.o
                0x08003414                init_DMA
 .text.init_ADC1
                0x080034a4       0xa0 src/periph_setup.o
                0x080034a4                init_ADC1
 .text.init_UART1
                0x08003544       0x68 src/periph_setup.o
                0x08003544                init_UART1
 .text.init_UART2
                0x080035ac       0x5c src/periph_setup.o
                0x080035ac                init_UART2
 .text.init_TIM2
                0x08003608       0x42 src/periph_setup.o
                0x08003608                init_TIM2
 *fill*         0x0800364a        0x2 
 .text.init_I2C1
                0x0800364c       0x58 src/periph_setup.o
                0x0800364c                init_I2C1
 .text._sbrk    0x080036a4       0x58 src/syscalls.o
                0x080036a4                _sbrk
 .text.SystemInit
                0x080036fc       0x68 src/system_stm32f10x.o
                0x080036fc                SystemInit
 .text.SetSysClock
                0x08003764        0xc src/system_stm32f10x.o
 .text.SetSysClockTo72
                0x08003770      0x100 src/system_stm32f10x.o
 .text.Reset_Handler
                0x08003870       0x50 startup/startup_stm32.o
                0x08003870                Reset_Handler
 .text.Default_Handler
                0x080038c0        0x2 startup/startup_stm32.o
                0x080038c0                EXTI2_IRQHandler
                0x080038c0                TIM8_TRG_COM_IRQHandler
                0x080038c0                TIM8_CC_IRQHandler
                0x080038c0                DebugMon_Handler
                0x080038c0                TIM1_CC_IRQHandler
                0x080038c0                HardFault_Handler
                0x080038c0                TIM6_IRQHandler
                0x080038c0                SysTick_Handler
                0x080038c0                PVD_IRQHandler
                0x080038c0                SDIO_IRQHandler
                0x080038c0                PendSV_Handler
                0x080038c0                NMI_Handler
                0x080038c0                EXTI3_IRQHandler
                0x080038c0                USB_HP_CAN_TX_IRQHandler
                0x080038c0                EXTI0_IRQHandler
                0x080038c0                I2C2_EV_IRQHandler
                0x080038c0                UsageFault_Handler
                0x080038c0                ADC1_2_IRQHandler
                0x080038c0                SPI1_IRQHandler
                0x080038c0                CAN_SCE_IRQHandler
                0x080038c0                TAMPER_IRQHandler
                0x080038c0                TIM8_UP_IRQHandler
                0x080038c0                DMA2_Channel2_IRQHandler
                0x080038c0                DMA1_Channel4_IRQHandler
                0x080038c0                USART3_IRQHandler
                0x080038c0                RTC_IRQHandler
                0x080038c0                DMA1_Channel7_IRQHandler
                0x080038c0                UART5_IRQHandler
                0x080038c0                ADC3_IRQHandler
                0x080038c0                TIM4_IRQHandler
                0x080038c0                CAN_RX1_IRQHandler
                0x080038c0                DMA2_Channel1_IRQHandler
                0x080038c0                I2C1_EV_IRQHandler
                0x080038c0                DMA1_Channel6_IRQHandler
                0x080038c0                UART4_IRQHandler
                0x080038c0                TIM3_IRQHandler
                0x080038c0                RCC_IRQHandler
                0x080038c0                TIM1_TRG_COM_IRQHandler
                0x080038c0                Default_Handler
                0x080038c0                EXTI15_10_IRQHandler
                0x080038c0                TIM7_IRQHandler
                0x080038c0                TIM5_IRQHandler
                0x080038c0                EXTI9_5_IRQHandler
                0x080038c0                SPI2_IRQHandler
                0x080038c0                USB_LP_CAN_RX0_IRQHandler
                0x080038c0                MemManage_Handler
                0x080038c0                SVC_Handler
                0x080038c0                DMA1_Channel5_IRQHandler
                0x080038c0                EXTI4_IRQHandler
                0x080038c0                DMA1_Channel3_IRQHandler
                0x080038c0                FSMC_IRQHandler
                0x080038c0                TIM1_UP_IRQHandler
                0x080038c0                WWDG_IRQHandler
                0x080038c0                TIM2_IRQHandler
                0x080038c0                TIM1_BRK_IRQHandler
                0x080038c0                EXTI1_IRQHandler
                0x080038c0                RTCAlarm_IRQHandler
                0x080038c0                DMA2_Channel4_5_IRQHandler
                0x080038c0                I2C2_ER_IRQHandler
                0x080038c0                DMA1_Channel2_IRQHandler
                0x080038c0                TIM8_BRK_IRQHandler
                0x080038c0                FLASH_IRQHandler
                0x080038c0                BusFault_Handler
                0x080038c0                SPI3_IRQHandler
                0x080038c0                I2C1_ER_IRQHandler
                0x080038c0                DMA2_Channel3_IRQHandler
 *fill*         0x080038c2        0x2 
 .text.__errno  0x080038c4        0xc c:/ac6/systemworkbench/plugins/fr.ac6.mcu.externaltools.arm-none.win32_1.15.0.201708311556/tools/compiler/bin/../lib/gcc/arm-none-eabi/6.3.1/../../../../arm-none-eabi/lib/thumb/v7-m\libc.a(lib_a-errno.o)
                0x080038c4                __errno
 .text.__libc_init_array
                0x080038d0       0x50 c:/ac6/systemworkbench/plugins/fr.ac6.mcu.externaltools.arm-none.win32_1.15.0.201708311556/tools/compiler/bin/../lib/gcc/arm-none-eabi/6.3.1/../../../../arm-none-eabi/lib/thumb/v7-m\libc.a(lib_a-init.o)
                0x080038d0                __libc_init_array
 .text.memset   0x08003920       0x9c c:/ac6/systemworkbench/plugins/fr.ac6.mcu.externaltools.arm-none.win32_1.15.0.201708311556/tools/compiler/bin/../lib/gcc/arm-none-eabi/6.3.1/../../../../arm-none-eabi/lib/thumb/v7-m\libc.a(lib_a-memset.o)
                0x08003920                memset
 .text.sprintf  0x080039bc       0x4c c:/ac6/systemworkbench/plugins/fr.ac6.mcu.externaltools.arm-none.win32_1.15.0.201708311556/tools/compiler/bin/../lib/gcc/arm-none-eabi/6.3.1/../../../../arm-none-eabi/lib/thumb/v7-m\libc.a(lib_a-sprintf.o)
                0x080039bc                sprintf
 .text.strncmp  0x08003a08       0xa0 c:/ac6/systemworkbench/plugins/fr.ac6.mcu.externaltools.arm-none.win32_1.15.0.201708311556/tools/compiler/bin/../lib/gcc/arm-none-eabi/6.3.1/../../../../arm-none-eabi/lib/thumb/v7-m\libc.a(lib_a-strncmp.o)
                0x08003a08                strncmp
 .text.strncpy  0x08003aa8       0x64 c:/ac6/systemworkbench/plugins/fr.ac6.mcu.externaltools.arm-none.win32_1.15.0.201708311556/tools/compiler/bin/../lib/gcc/arm-none-eabi/6.3.1/../../../../arm-none-eabi/lib/thumb/v7-m\libc.a(lib_a-strncpy.o)
                0x08003aa8                strncpy
 .text._svfprintf_r
                0x08003b0c     0x1500 c:/ac6/systemworkbench/plugins/fr.ac6.mcu.externaltools.arm-none.win32_1.15.0.201708311556/tools/compiler/bin/../lib/gcc/arm-none-eabi/6.3.1/../../../../arm-none-eabi/lib/thumb/v7-m\libc.a(lib_a-svfprintf.o)
                0x08003b0c                _svfprintf_r
 .text.startup.register_fini
                0x0800500c       0x14 c:/ac6/systemworkbench/plugins/fr.ac6.mcu.externaltools.arm-none.win32_1.15.0.201708311556/tools/compiler/bin/../lib/gcc/arm-none-eabi/6.3.1/../../../../arm-none-eabi/lib/thumb/v7-m\libc.a(lib_a-__call_atexit.o)
 .text.atexit   0x08005020        0xc c:/ac6/systemworkbench/plugins/fr.ac6.mcu.externaltools.arm-none.win32_1.15.0.201708311556/tools/compiler/bin/../lib/gcc/arm-none-eabi/6.3.1/../../../../arm-none-eabi/lib/thumb/v7-m\libc.a(lib_a-atexit.o)
                0x08005020                atexit
 .text.quorem   0x0800502c      0x128 c:/ac6/systemworkbench/plugins/fr.ac6.mcu.externaltools.arm-none.win32_1.15.0.201708311556/tools/compiler/bin/../lib/gcc/arm-none-eabi/6.3.1/../../../../arm-none-eabi/lib/thumb/v7-m\libc.a(lib_a-dtoa.o)
 *fill*         0x08005154        0x4 
 .text._dtoa_r  0x08005158      0xe44 c:/ac6/systemworkbench/plugins/fr.ac6.mcu.externaltools.arm-none.win32_1.15.0.201708311556/tools/compiler/bin/../lib/gcc/arm-none-eabi/6.3.1/../../../../arm-none-eabi/lib/thumb/v7-m\libc.a(lib_a-dtoa.o)
                0x08005158                _dtoa_r
 .text.__libc_fini_array
                0x08005f9c       0x34 c:/ac6/systemworkbench/plugins/fr.ac6.mcu.externaltools.arm-none.win32_1.15.0.201708311556/tools/compiler/bin/../lib/gcc/arm-none-eabi/6.3.1/../../../../arm-none-eabi/lib/thumb/v7-m\libc.a(lib_a-fini.o)
                0x08005f9c                __libc_fini_array
 .text._localeconv_r
                0x08005fd0       0x1c c:/ac6/systemworkbench/plugins/fr.ac6.mcu.externaltools.arm-none.win32_1.15.0.201708311556/tools/compiler/bin/../lib/gcc/arm-none-eabi/6.3.1/../../../../arm-none-eabi/lib/thumb/v7-m\libc.a(lib_a-localeconv.o)
                0x08005fd0                _localeconv_r
 .text.__retarget_lock_acquire_recursive
                0x08005fec        0x4 c:/ac6/systemworkbench/plugins/fr.ac6.mcu.externaltools.arm-none.win32_1.15.0.201708311556/tools/compiler/bin/../lib/gcc/arm-none-eabi/6.3.1/../../../../arm-none-eabi/lib/thumb/v7-m\libc.a(lib_a-lock.o)
                0x08005fec                __retarget_lock_acquire_recursive
 .text.__retarget_lock_release_recursive
                0x08005ff0        0x4 c:/ac6/systemworkbench/plugins/fr.ac6.mcu.externaltools.arm-none.win32_1.15.0.201708311556/tools/compiler/bin/../lib/gcc/arm-none-eabi/6.3.1/../../../../arm-none-eabi/lib/thumb/v7-m\libc.a(lib_a-lock.o)
                0x08005ff0                __retarget_lock_release_recursive
 .text._malloc_r
                0x08005ff4      0x544 c:/ac6/systemworkbench/plugins/fr.ac6.mcu.externaltools.arm-none.win32_1.15.0.201708311556/tools/compiler/bin/../lib/gcc/arm-none-eabi/6.3.1/../../../../arm-none-eabi/lib/thumb/v7-m\libc.a(lib_a-mallocr.o)
                0x08005ff4                _malloc_r
 .text.memchr   0x08006538       0x8c c:/ac6/systemworkbench/plugins/fr.ac6.mcu.externaltools.arm-none.win32_1.15.0.201708311556/tools/compiler/bin/../lib/gcc/arm-none-eabi/6.3.1/../../../../arm-none-eabi/lib/thumb/v7-m\libc.a(lib_a-memchr-stub.o)
                0x08006538                memchr
 .text.__malloc_lock
                0x080065c4        0xc c:/ac6/systemworkbench/plugins/fr.ac6.mcu.externaltools.arm-none.win32_1.15.0.201708311556/tools/compiler/bin/../lib/gcc/arm-none-eabi/6.3.1/../../../../arm-none-eabi/lib/thumb/v7-m\libc.a(lib_a-mlock.o)
                0x080065c4                __malloc_lock
 .text.__malloc_unlock
                0x080065d0        0xc c:/ac6/systemworkbench/plugins/fr.ac6.mcu.externaltools.arm-none.win32_1.15.0.201708311556/tools/compiler/bin/../lib/gcc/arm-none-eabi/6.3.1/../../../../arm-none-eabi/lib/thumb/v7-m\libc.a(lib_a-mlock.o)
                0x080065d0                __malloc_unlock
 .text._Balloc  0x080065dc       0x4c c:/ac6/systemworkbench/plugins/fr.ac6.mcu.externaltools.arm-none.win32_1.15.0.201708311556/tools/compiler/bin/../lib/gcc/arm-none-eabi/6.3.1/../../../../arm-none-eabi/lib/thumb/v7-m\libc.a(lib_a-mprec.o)
                0x080065dc                _Balloc
 .text._Bfree   0x08006628       0x14 c:/ac6/systemworkbench/plugins/fr.ac6.mcu.externaltools.arm-none.win32_1.15.0.201708311556/tools/compiler/bin/../lib/gcc/arm-none-eabi/6.3.1/../../../../arm-none-eabi/lib/thumb/v7-m\libc.a(lib_a-mprec.o)
                0x08006628                _Bfree
 .text.__multadd
                0x0800663c       0x84 c:/ac6/systemworkbench/plugins/fr.ac6.mcu.externaltools.arm-none.win32_1.15.0.201708311556/tools/compiler/bin/../lib/gcc/arm-none-eabi/6.3.1/../../../../arm-none-eabi/lib/thumb/v7-m\libc.a(lib_a-mprec.o)
                0x0800663c                __multadd
 .text.__hi0bits
                0x080066c0       0x40 c:/ac6/systemworkbench/plugins/fr.ac6.mcu.externaltools.arm-none.win32_1.15.0.201708311556/tools/compiler/bin/../lib/gcc/arm-none-eabi/6.3.1/../../../../arm-none-eabi/lib/thumb/v7-m\libc.a(lib_a-mprec.o)
                0x080066c0                __hi0bits
 .text.__lo0bits
                0x08006700       0x60 c:/ac6/systemworkbench/plugins/fr.ac6.mcu.externaltools.arm-none.win32_1.15.0.201708311556/tools/compiler/bin/../lib/gcc/arm-none-eabi/6.3.1/../../../../arm-none-eabi/lib/thumb/v7-m\libc.a(lib_a-mprec.o)
                0x08006700                __lo0bits
 .text.__i2b    0x08006760       0x14 c:/ac6/systemworkbench/plugins/fr.ac6.mcu.externaltools.arm-none.win32_1.15.0.201708311556/tools/compiler/bin/../lib/gcc/arm-none-eabi/6.3.1/../../../../arm-none-eabi/lib/thumb/v7-m\libc.a(lib_a-mprec.o)
                0x08006760                __i2b
 .text.__multiply
                0x08006774      0x124 c:/ac6/systemworkbench/plugins/fr.ac6.mcu.externaltools.arm-none.win32_1.15.0.201708311556/tools/compiler/bin/../lib/gcc/arm-none-eabi/6.3.1/../../../../arm-none-eabi/lib/thumb/v7-m\libc.a(lib_a-mprec.o)
                0x08006774                __multiply
 .text.__pow5mult
                0x08006898       0xa0 c:/ac6/systemworkbench/plugins/fr.ac6.mcu.externaltools.arm-none.win32_1.15.0.201708311556/tools/compiler/bin/../lib/gcc/arm-none-eabi/6.3.1/../../../../arm-none-eabi/lib/thumb/v7-m\libc.a(lib_a-mprec.o)
                0x08006898                __pow5mult
 .text.__lshift
                0x08006938       0xa0 c:/ac6/systemworkbench/plugins/fr.ac6.mcu.externaltools.arm-none.win32_1.15.0.201708311556/tools/compiler/bin/../lib/gcc/arm-none-eabi/6.3.1/../../../../arm-none-eabi/lib/thumb/v7-m\libc.a(lib_a-mprec.o)
                0x08006938                __lshift
 .text.__mcmp   0x080069d8       0x38 c:/ac6/systemworkbench/plugins/fr.ac6.mcu.externaltools.arm-none.win32_1.15.0.201708311556/tools/compiler/bin/../lib/gcc/arm-none-eabi/6.3.1/../../../../arm-none-eabi/lib/thumb/v7-m\libc.a(lib_a-mprec.o)
                0x080069d8                __mcmp
 .text.__mdiff  0x08006a10      0x11c c:/ac6/systemworkbench/plugins/fr.ac6.mcu.externaltools.arm-none.win32_1.15.0.201708311556/tools/compiler/bin/../lib/gcc/arm-none-eabi/6.3.1/../../../../arm-none-eabi/lib/thumb/v7-m\libc.a(lib_a-mprec.o)
                0x08006a10                __mdiff
 .text.__d2b    0x08006b2c       0xa8 c:/ac6/systemworkbench/plugins/fr.ac6.mcu.externaltools.arm-none.win32_1.15.0.201708311556/tools/compiler/bin/../lib/gcc/arm-none-eabi/6.3.1/../../../../arm-none-eabi/lib/thumb/v7-m\libc.a(lib_a-mprec.o)
                0x08006b2c                __d2b
 .text._sbrk_r  0x08006bd4       0x24 c:/ac6/systemworkbench/plugins/fr.ac6.mcu.externaltools.arm-none.win32_1.15.0.201708311556/tools/compiler/bin/../lib/gcc/arm-none-eabi/6.3.1/../../../../arm-none-eabi/lib/thumb/v7-m\libc.a(lib_a-sbrkr.o)
                0x08006bd4                _sbrk_r
 .text.strlen   0x08006bf8       0x5c c:/ac6/systemworkbench/plugins/fr.ac6.mcu.externaltools.arm-none.win32_1.15.0.201708311556/tools/compiler/bin/../lib/gcc/arm-none-eabi/6.3.1/../../../../arm-none-eabi/lib/thumb/v7-m\libc.a(lib_a-strlen-stub.o)
                0x08006bf8                strlen
 .text.__ssprint_r
                0x08006c54       0xfc c:/ac6/systemworkbench/plugins/fr.ac6.mcu.externaltools.arm-none.win32_1.15.0.201708311556/tools/compiler/bin/../lib/gcc/arm-none-eabi/6.3.1/../../../../arm-none-eabi/lib/thumb/v7-m\libc.a(lib_a-svfiprintf.o)
                0x08006c54                __ssprint_r
 .text.__register_exitproc
                0x08006d50       0xc4 c:/ac6/systemworkbench/plugins/fr.ac6.mcu.externaltools.arm-none.win32_1.15.0.201708311556/tools/compiler/bin/../lib/gcc/arm-none-eabi/6.3.1/../../../../arm-none-eabi/lib/thumb/v7-m\libc.a(lib_a-__atexit.o)
                0x08006d50                __register_exitproc
 .text._calloc_r
                0x08006e14       0x60 c:/ac6/systemworkbench/plugins/fr.ac6.mcu.externaltools.arm-none.win32_1.15.0.201708311556/tools/compiler/bin/../lib/gcc/arm-none-eabi/6.3.1/../../../../arm-none-eabi/lib/thumb/v7-m\libc.a(lib_a-callocr.o)
                0x08006e14                _calloc_r
 .text._malloc_trim_r
                0x08006e74       0xa0 c:/ac6/systemworkbench/plugins/fr.ac6.mcu.externaltools.arm-none.win32_1.15.0.201708311556/tools/compiler/bin/../lib/gcc/arm-none-eabi/6.3.1/../../../../arm-none-eabi/lib/thumb/v7-m\libc.a(lib_a-freer.o)
                0x08006e74                _malloc_trim_r
 .text._free_r  0x08006f14      0x1cc c:/ac6/systemworkbench/plugins/fr.ac6.mcu.externaltools.arm-none.win32_1.15.0.201708311556/tools/compiler/bin/../lib/gcc/arm-none-eabi/6.3.1/../../../../arm-none-eabi/lib/thumb/v7-m\libc.a(lib_a-freer.o)
                0x08006f14                _free_r
 .text.__ascii_mbtowc
                0x080070e0       0x2c c:/ac6/systemworkbench/plugins/fr.ac6.mcu.externaltools.arm-none.win32_1.15.0.201708311556/tools/compiler/bin/../lib/gcc/arm-none-eabi/6.3.1/../../../../arm-none-eabi/lib/thumb/v7-m\libc.a(lib_a-mbtowc_r.o)
                0x080070e0                __ascii_mbtowc
 .text.memmove  0x0800710c       0xc8 c:/ac6/systemworkbench/plugins/fr.ac6.mcu.externaltools.arm-none.win32_1.15.0.201708311556/tools/compiler/bin/../lib/gcc/arm-none-eabi/6.3.1/../../../../arm-none-eabi/lib/thumb/v7-m\libc.a(lib_a-memmove.o)
                0x0800710c                memmove
 .text._realloc_r
                0x080071d4      0x36c c:/ac6/systemworkbench/plugins/fr.ac6.mcu.externaltools.arm-none.win32_1.15.0.201708311556/tools/compiler/bin/../lib/gcc/arm-none-eabi/6.3.1/../../../../arm-none-eabi/lib/thumb/v7-m\libc.a(lib_a-reallocr.o)
                0x080071d4                _realloc_r
 .text.__ascii_wctomb
                0x08007540       0x18 c:/ac6/systemworkbench/plugins/fr.ac6.mcu.externaltools.arm-none.win32_1.15.0.201708311556/tools/compiler/bin/../lib/gcc/arm-none-eabi/6.3.1/../../../../arm-none-eabi/lib/thumb/v7-m\libc.a(lib_a-wctomb_r.o)
                0x08007540                __ascii_wctomb
 *(.glue_7)
 .glue_7        0x08007558        0x0 linker stubs
 *(.glue_7t)
 .glue_7t       0x08007558        0x0 linker stubs
 *(.eh_frame)
 .eh_frame      0x08007558        0x0 c:/ac6/systemworkbench/plugins/fr.ac6.mcu.externaltools.arm-none.win32_1.15.0.201708311556/tools/compiler/bin/../lib/gcc/arm-none-eabi/6.3.1/thumb/v7-m/crtbegin.o
 *(.init)
 .init          0x08007558        0x4 c:/ac6/systemworkbench/plugins/fr.ac6.mcu.externaltools.arm-none.win32_1.15.0.201708311556/tools/compiler/bin/../lib/gcc/arm-none-eabi/6.3.1/thumb/v7-m/crti.o
                0x08007558                _init
 .init          0x0800755c        0x8 c:/ac6/systemworkbench/plugins/fr.ac6.mcu.externaltools.arm-none.win32_1.15.0.201708311556/tools/compiler/bin/../lib/gcc/arm-none-eabi/6.3.1/thumb/v7-m/crtn.o
 *(.fini)
 .fini          0x08007564        0x4 c:/ac6/systemworkbench/plugins/fr.ac6.mcu.externaltools.arm-none.win32_1.15.0.201708311556/tools/compiler/bin/../lib/gcc/arm-none-eabi/6.3.1/thumb/v7-m/crti.o
                0x08007564                _fini
 .fini          0x08007568        0x8 c:/ac6/systemworkbench/plugins/fr.ac6.mcu.externaltools.arm-none.win32_1.15.0.201708311556/tools/compiler/bin/../lib/gcc/arm-none-eabi/6.3.1/thumb/v7-m/crtn.o
                0x08007570                . = ALIGN (0x4)
                0x08007570                _etext = .

.vfp11_veneer   0x08007570        0x0
 .vfp11_veneer  0x08007570        0x0 linker stubs

.v4_bx          0x08007570        0x0
 .v4_bx         0x08007570        0x0 linker stubs

.iplt           0x08007570        0x0
 .iplt          0x08007570        0x0 c:/ac6/systemworkbench/plugins/fr.ac6.mcu.externaltools.arm-none.win32_1.15.0.201708311556/tools/compiler/bin/../lib/gcc/arm-none-eabi/6.3.1/thumb/v7-m/crtbegin.o

.rodata         0x08007570      0x2d0
                0x08007570                . = ALIGN (0x4)
 *(.rodata)
 .rodata        0x08007570        0x4 src/AmbientTemperature.o
                0x08007570                addrList
 .rodata        0x08007574        0xe src/NEO6_GPS.o
 *fill*         0x08007582        0x2 
 .rodata        0x08007584       0x30 src/main.o
 *(.rodata*)
 .rodata._global_impure_ptr
                0x080075b4        0x4 c:/ac6/systemworkbench/plugins/fr.ac6.mcu.externaltools.arm-none.win32_1.15.0.201708311556/tools/compiler/bin/../lib/gcc/arm-none-eabi/6.3.1/../../../../arm-none-eabi/lib/thumb/v7-m\libc.a(lib_a-impure.o)
                0x080075b4                _global_impure_ptr
 .rodata._svfprintf_r.str1.4
                0x080075b8       0x42 c:/ac6/systemworkbench/plugins/fr.ac6.mcu.externaltools.arm-none.win32_1.15.0.201708311556/tools/compiler/bin/../lib/gcc/arm-none-eabi/6.3.1/../../../../arm-none-eabi/lib/thumb/v7-m\libc.a(lib_a-svfprintf.o)
 *fill*         0x080075fa        0x2 
 .rodata.blanks.7223
                0x080075fc       0x10 c:/ac6/systemworkbench/plugins/fr.ac6.mcu.externaltools.arm-none.win32_1.15.0.201708311556/tools/compiler/bin/../lib/gcc/arm-none-eabi/6.3.1/../../../../arm-none-eabi/lib/thumb/v7-m\libc.a(lib_a-svfprintf.o)
 .rodata.zeroes.7224
                0x0800760c       0x10 c:/ac6/systemworkbench/plugins/fr.ac6.mcu.externaltools.arm-none.win32_1.15.0.201708311556/tools/compiler/bin/../lib/gcc/arm-none-eabi/6.3.1/../../../../arm-none-eabi/lib/thumb/v7-m\libc.a(lib_a-svfprintf.o)
 .rodata._dtoa_r.str1.4
                0x0800761c       0x10 c:/ac6/systemworkbench/plugins/fr.ac6.mcu.externaltools.arm-none.win32_1.15.0.201708311556/tools/compiler/bin/../lib/gcc/arm-none-eabi/6.3.1/../../../../arm-none-eabi/lib/thumb/v7-m\libc.a(lib_a-dtoa.o)
                                 0x12 (size before relaxing)
 *fill*         0x0800762c        0x4 
 .rodata.__mprec_bigtens
                0x08007630       0x28 c:/ac6/systemworkbench/plugins/fr.ac6.mcu.externaltools.arm-none.win32_1.15.0.201708311556/tools/compiler/bin/../lib/gcc/arm-none-eabi/6.3.1/../../../../arm-none-eabi/lib/thumb/v7-m\libc.a(lib_a-mprec.o)
                0x08007630                __mprec_bigtens
 .rodata.__mprec_tens
                0x08007658       0xc8 c:/ac6/systemworkbench/plugins/fr.ac6.mcu.externaltools.arm-none.win32_1.15.0.201708311556/tools/compiler/bin/../lib/gcc/arm-none-eabi/6.3.1/../../../../arm-none-eabi/lib/thumb/v7-m\libc.a(lib_a-mprec.o)
                0x08007658                __mprec_tens
 .rodata.p05.6055
                0x08007720        0xc c:/ac6/systemworkbench/plugins/fr.ac6.mcu.externaltools.arm-none.win32_1.15.0.201708311556/tools/compiler/bin/../lib/gcc/arm-none-eabi/6.3.1/../../../../arm-none-eabi/lib/thumb/v7-m\libc.a(lib_a-mprec.o)
 .rodata._setlocale_r.str1.4
                0x0800772c        0xa c:/ac6/systemworkbench/plugins/fr.ac6.mcu.externaltools.arm-none.win32_1.15.0.201708311556/tools/compiler/bin/../lib/gcc/arm-none-eabi/6.3.1/../../../../arm-none-eabi/lib/thumb/v7-m\libc.a(lib_a-locale.o)
                                  0xd (size before relaxing)
 *fill*         0x08007736        0x2 
 .rodata.str1.4
                0x08007738        0x4 c:/ac6/systemworkbench/plugins/fr.ac6.mcu.externaltools.arm-none.win32_1.15.0.201708311556/tools/compiler/bin/../lib/gcc/arm-none-eabi/6.3.1/../../../../arm-none-eabi/lib/thumb/v7-m\libc.a(lib_a-locale.o)
                                  0x2 (size before relaxing)
 .rodata._ctype_
                0x0800773c      0x101 c:/ac6/systemworkbench/plugins/fr.ac6.mcu.externaltools.arm-none.win32_1.15.0.201708311556/tools/compiler/bin/../lib/gcc/arm-none-eabi/6.3.1/../../../../arm-none-eabi/lib/thumb/v7-m\libc.a(lib_a-ctype_.o)
                0x0800773c                _ctype_
                0x08007840                . = ALIGN (0x4)
 *fill*         0x0800783d        0x3 

.ARM.extab      0x08007840        0x0
                0x08007840                . = ALIGN (0x4)
 *(.ARM.extab* .gnu.linkonce.armextab.*)
                0x08007840                . = ALIGN (0x4)

.ARM            0x08007840        0x8
                0x08007840                . = ALIGN (0x4)
                0x08007840                __exidx_start = .
 *(.ARM.exidx*)
 .ARM.exidx     0x08007840        0x8 c:/ac6/systemworkbench/plugins/fr.ac6.mcu.externaltools.arm-none.win32_1.15.0.201708311556/tools/compiler/bin/../lib/gcc/arm-none-eabi/6.3.1/thumb/v7-m\libgcc.a(_udivmoddi4.o)
                0x08007848                __exidx_end = .
                0x08007848                . = ALIGN (0x4)

.rel.dyn        0x08007848        0x0
 .rel.iplt      0x08007848        0x0 c:/ac6/systemworkbench/plugins/fr.ac6.mcu.externaltools.arm-none.win32_1.15.0.201708311556/tools/compiler/bin/../lib/gcc/arm-none-eabi/6.3.1/thumb/v7-m/crtbegin.o

.preinit_array  0x08007848        0x0
                0x08007848                . = ALIGN (0x4)
                0x08007848                PROVIDE (__preinit_array_start, .)
 *(.preinit_array*)
                0x08007848                PROVIDE (__preinit_array_end, .)
                0x08007848                . = ALIGN (0x4)

.init_array     0x08007848        0x8
                0x08007848                . = ALIGN (0x4)
                0x08007848                PROVIDE (__init_array_start, .)
 *(SORT(.init_array.*))
 .init_array.00000
                0x08007848        0x4 c:/ac6/systemworkbench/plugins/fr.ac6.mcu.externaltools.arm-none.win32_1.15.0.201708311556/tools/compiler/bin/../lib/gcc/arm-none-eabi/6.3.1/../../../../arm-none-eabi/lib/thumb/v7-m\libc.a(lib_a-__call_atexit.o)
 *(.init_array*)
 .init_array    0x0800784c        0x4 c:/ac6/systemworkbench/plugins/fr.ac6.mcu.externaltools.arm-none.win32_1.15.0.201708311556/tools/compiler/bin/../lib/gcc/arm-none-eabi/6.3.1/thumb/v7-m/crtbegin.o
                0x08007850                PROVIDE (__init_array_end, .)
                0x08007850                . = ALIGN (0x4)

.fini_array     0x08007850        0x4
                0x08007850                . = ALIGN (0x4)
                0x08007850                PROVIDE (__fini_array_start, .)
 *(SORT(.fini_array.*))
 *(.fini_array*)
 .fini_array    0x08007850        0x4 c:/ac6/systemworkbench/plugins/fr.ac6.mcu.externaltools.arm-none.win32_1.15.0.201708311556/tools/compiler/bin/../lib/gcc/arm-none-eabi/6.3.1/thumb/v7-m/crtbegin.o
                0x08007854                PROVIDE (__fini_array_end, .)
                0x08007854                . = ALIGN (0x4)
                0x08007854                _sidata = LOADADDR (.data)

.data           0x20000000      0x9c0 load address 0x08007854
                0x20000000                . = ALIGN (0x4)
                0x20000000                _sdata = .
 *(.data)
 .data          0x20000000       0x14 StdPeriph_Driver/src/stm32f10x_rcc.o
 *(.data*)
 .data._impure_ptr
                0x20000014        0x4 c:/ac6/systemworkbench/plugins/fr.ac6.mcu.externaltools.arm-none.win32_1.15.0.201708311556/tools/compiler/bin/../lib/gcc/arm-none-eabi/6.3.1/../../../../arm-none-eabi/lib/thumb/v7-m\libc.a(lib_a-impure.o)
                0x20000014                _impure_ptr
 .data.impure_data
                0x20000018      0x428 c:/ac6/systemworkbench/plugins/fr.ac6.mcu.externaltools.arm-none.win32_1.15.0.201708311556/tools/compiler/bin/../lib/gcc/arm-none-eabi/6.3.1/../../../../arm-none-eabi/lib/thumb/v7-m\libc.a(lib_a-impure.o)
 .data.__atexit_recursive_mutex
                0x20000440        0x4 c:/ac6/systemworkbench/plugins/fr.ac6.mcu.externaltools.arm-none.win32_1.15.0.201708311556/tools/compiler/bin/../lib/gcc/arm-none-eabi/6.3.1/../../../../arm-none-eabi/lib/thumb/v7-m\libc.a(lib_a-__call_atexit.o)
                0x20000440                __atexit_recursive_mutex
 .data.__malloc_av_
                0x20000444      0x408 c:/ac6/systemworkbench/plugins/fr.ac6.mcu.externaltools.arm-none.win32_1.15.0.201708311556/tools/compiler/bin/../lib/gcc/arm-none-eabi/6.3.1/../../../../arm-none-eabi/lib/thumb/v7-m\libc.a(lib_a-mallocr.o)
                0x20000444                __malloc_av_
 .data.__malloc_sbrk_base
                0x2000084c        0x4 c:/ac6/systemworkbench/plugins/fr.ac6.mcu.externaltools.arm-none.win32_1.15.0.201708311556/tools/compiler/bin/../lib/gcc/arm-none-eabi/6.3.1/../../../../arm-none-eabi/lib/thumb/v7-m\libc.a(lib_a-mallocr.o)
                0x2000084c                __malloc_sbrk_base
 .data.__malloc_trim_threshold
                0x20000850        0x4 c:/ac6/systemworkbench/plugins/fr.ac6.mcu.externaltools.arm-none.win32_1.15.0.201708311556/tools/compiler/bin/../lib/gcc/arm-none-eabi/6.3.1/../../../../arm-none-eabi/lib/thumb/v7-m\libc.a(lib_a-mallocr.o)
                0x20000850                __malloc_trim_threshold
 .data.__global_locale
                0x20000854      0x16c c:/ac6/systemworkbench/plugins/fr.ac6.mcu.externaltools.arm-none.win32_1.15.0.201708311556/tools/compiler/bin/../lib/gcc/arm-none-eabi/6.3.1/../../../../arm-none-eabi/lib/thumb/v7-m\libc.a(lib_a-locale.o)
                0x20000854                __global_locale
                0x200009c0                . = ALIGN (0x4)
                0x200009c0                _edata = .

.jcr            0x200009c0        0x0 load address 0x08008214
 .jcr           0x200009c0        0x0 c:/ac6/systemworkbench/plugins/fr.ac6.mcu.externaltools.arm-none.win32_1.15.0.201708311556/tools/compiler/bin/../lib/gcc/arm-none-eabi/6.3.1/thumb/v7-m/crtbegin.o

.igot.plt       0x200009c0        0x0 load address 0x08008214
 .igot.plt      0x200009c0        0x0 c:/ac6/systemworkbench/plugins/fr.ac6.mcu.externaltools.arm-none.win32_1.15.0.201708311556/tools/compiler/bin/../lib/gcc/arm-none-eabi/6.3.1/thumb/v7-m/crtbegin.o
                0x200009c0                . = ALIGN (0x4)

.bss            0x200009c0     0x11cc load address 0x08008214
                0x200009c0                _sbss = .
                0x200009c0                __bss_start__ = _sbss
 *(.bss)
 .bss           0x200009c0       0x1c c:/ac6/systemworkbench/plugins/fr.ac6.mcu.externaltools.arm-none.win32_1.15.0.201708311556/tools/compiler/bin/../lib/gcc/arm-none-eabi/6.3.1/thumb/v7-m/crtbegin.o
 .bss           0x200009dc        0x9 src/AmbientTemperature.o
                0x200009dc                rawTemperature
                0x200009de                tempKelv
                0x200009e0                tempCels
                0x200009e2                tempFahr
                0x200009e4                tempPEC
 *fill*         0x200009e5        0x1 
 .bss           0x200009e6        0x4 src/BMS.o
                0x200009e6                tempADC0
                0x200009e8                tempADC1
 *fill*         0x200009ea        0x2 
 .bss           0x200009ec        0x8 src/syscalls.o
                0x200009ec                __env
 *(.bss*)
 .bss.__malloc_current_mallinfo
                0x200009f4       0x28 c:/ac6/systemworkbench/plugins/fr.ac6.mcu.externaltools.arm-none.win32_1.15.0.201708311556/tools/compiler/bin/../lib/gcc/arm-none-eabi/6.3.1/../../../../arm-none-eabi/lib/thumb/v7-m\libc.a(lib_a-mallocr.o)
                0x200009f4                __malloc_current_mallinfo
 .bss.__malloc_max_sbrked_mem
                0x20000a1c        0x4 c:/ac6/systemworkbench/plugins/fr.ac6.mcu.externaltools.arm-none.win32_1.15.0.201708311556/tools/compiler/bin/../lib/gcc/arm-none-eabi/6.3.1/../../../../arm-none-eabi/lib/thumb/v7-m\libc.a(lib_a-mallocr.o)
                0x20000a1c                __malloc_max_sbrked_mem
 .bss.__malloc_max_total_mem
                0x20000a20        0x4 c:/ac6/systemworkbench/plugins/fr.ac6.mcu.externaltools.arm-none.win32_1.15.0.201708311556/tools/compiler/bin/../lib/gcc/arm-none-eabi/6.3.1/../../../../arm-none-eabi/lib/thumb/v7-m\libc.a(lib_a-mallocr.o)
                0x20000a20                __malloc_max_total_mem
 .bss.__malloc_top_pad
                0x20000a24        0x4 c:/ac6/systemworkbench/plugins/fr.ac6.mcu.externaltools.arm-none.win32_1.15.0.201708311556/tools/compiler/bin/../lib/gcc/arm-none-eabi/6.3.1/../../../../arm-none-eabi/lib/thumb/v7-m\libc.a(lib_a-mallocr.o)
                0x20000a24                __malloc_top_pad
 *(COMMON)
 COMMON         0x20000a28      0x208 src/AmbientTemperature.o
                0x20000a28                i2c_rxTail
                0x20000a29                temperatureHead
                0x20000a2a                temperatureTail
                0x20000a2c                i2c_rxBuff
                0x20000b2c                i2c_rxHead
                0x20000b30                temperatureBuff
 COMMON         0x20000c30       0x29 src/BMS.o
                0x20000c30                oldAmps
                0x20000c34                newAmps
                0x20000c38                pwr
                0x20000c3c                total_A_ms
                0x20000c40                newVolts
                0x20000c44                avgAmps
                0x20000c48                maxAmps
                0x20000c4c                amp_msecs
                0x20000c50                amp_usecs
                0x20000c54                avgVolts
                0x20000c58                charge
 *fill*         0x20000c59        0x3 
 COMMON         0x20000c5c      0xe68 src/NEO6_GPS.o
                0x20000c5c                cmdBuff
                0x20000d5c                gpsIn
                0x20000e5c                txHead
                0x20000e5d                cmdPtr
                0x20000e5e                rxTail
                0x20000e60                systemMessage
                0x20001248                errorMsg
                0x20001630                txBuff
                0x20001730                txStatus
                0x20001734                cmd2
                0x20001774                gpsPtr
                0x20001778                degreeStr
                0x20001780                gpsVTG
                0x20001880                rxBuff
                0x20001980                rxHead
                0x20001981                txTail
                0x20001984                gpsGGA
                0x20001a84                cmd1
 COMMON         0x20001ac4       0xa0 src/main.o
                0x20001ac4                power
                0x20001ac8                batPct
                0x20001aca                batTemp
                0x20001acc                piPtr
                0x20001ace                voltage
                0x20001ad0                piMsg
                0x20001b34                current
                0x20001b38                adcVal
                0x20001b3c                motTemp
                0x20001b3e                mcuTemp
                0x20001b40                speed
                0x20001b4a                ambTemp
                0x20001b4c                mess
 COMMON         0x20001b64       0x21 c:/ac6/systemworkbench/plugins/fr.ac6.mcu.externaltools.arm-none.win32_1.15.0.201708311556/tools/compiler/bin/../lib/gcc/arm-none-eabi/6.3.1/../../../../arm-none-eabi/lib/thumb/v7-m\libc.a(lib_a-lock.o)
                0x20001b64                __lock___atexit_recursive_mutex
                0x20001b68                __lock___arc4random_mutex
                0x20001b6c                __lock___env_recursive_mutex
                0x20001b70                __lock___sinit_recursive_mutex
                0x20001b74                __lock___malloc_recursive_mutex
                0x20001b78                __lock___at_quick_exit_mutex
                0x20001b7c                __lock___dd_hash_mutex
                0x20001b80                __lock___tz_mutex
                0x20001b84                __lock___sfp_recursive_mutex
 *fill*         0x20001b85        0x3 
 COMMON         0x20001b88        0x4 c:/ac6/systemworkbench/plugins/fr.ac6.mcu.externaltools.arm-none.win32_1.15.0.201708311556/tools/compiler/bin/../lib/gcc/arm-none-eabi/6.3.1/../../../../arm-none-eabi/lib/thumb/v7-m\libc.a(lib_a-reent.o)
                0x20001b88                errno
                0x20001b8c                . = ALIGN (0x4)
                0x20001b8c                _ebss = .
                0x20001b8c                __bss_end__ = _ebss

._user_heap_stack
                0x20001b8c      0x404 load address 0x08008214
                0x20001b90                . = ALIGN (0x8)
 *fill*         0x20001b8c        0x4 
                0x20001b90                PROVIDE (end, .)
                [!provide]                PROVIDE (_end, .)
                0x20001b90                . = (. + _Min_Heap_Size)
                0x20001f90                . = (. + _Min_Stack_Size)
 *fill*         0x20001b90      0x400 
                0x20001f90                . = ALIGN (0x8)

/DISCARD/
 libc.a(*)
 libm.a(*)
 libgcc.a(*)

.ARM.attributes
                0x00000000       0x29
 *(.ARM.attributes)
 .ARM.attributes
                0x00000000       0x1d c:/ac6/systemworkbench/plugins/fr.ac6.mcu.externaltools.arm-none.win32_1.15.0.201708311556/tools/compiler/bin/../lib/gcc/arm-none-eabi/6.3.1/thumb/v7-m/crti.o
 .ARM.attributes
                0x0000001d       0x2d c:/ac6/systemworkbench/plugins/fr.ac6.mcu.externaltools.arm-none.win32_1.15.0.201708311556/tools/compiler/bin/../lib/gcc/arm-none-eabi/6.3.1/thumb/v7-m/crtbegin.o
 .ARM.attributes
                0x0000004a       0x33 StdPeriph_Driver/src/misc.o
 .ARM.attributes
                0x0000007d       0x33 StdPeriph_Driver/src/stm32f10x_adc.o
 .ARM.attributes
                0x000000b0       0x33 StdPeriph_Driver/src/stm32f10x_dma.o
 .ARM.attributes
                0x000000e3       0x33 StdPeriph_Driver/src/stm32f10x_flash.o
 .ARM.attributes
                0x00000116       0x33 StdPeriph_Driver/src/stm32f10x_gpio.o
 .ARM.attributes
                0x00000149       0x33 StdPeriph_Driver/src/stm32f10x_i2c.o
 .ARM.attributes
                0x0000017c       0x33 StdPeriph_Driver/src/stm32f10x_rcc.o
 .ARM.attributes
                0x000001af       0x33 StdPeriph_Driver/src/stm32f10x_tim.o
 .ARM.attributes
                0x000001e2       0x33 StdPeriph_Driver/src/stm32f10x_usart.o
 .ARM.attributes
                0x00000215       0x33 src/AmbientTemperature.o
 .ARM.attributes
                0x00000248       0x33 src/BMS.o
 .ARM.attributes
                0x0000027b       0x33 src/NEO6_GPS.o
 .ARM.attributes
                0x000002ae       0x33 src/RaspberryPi_Comms.o
 .ARM.attributes
                0x000002e1       0x33 src/main.o
 .ARM.attributes
                0x00000314       0x33 src/periph_setup.o
 .ARM.attributes
                0x00000347       0x33 src/syscalls.o
 .ARM.attributes
                0x0000037a       0x33 src/system_stm32f10x.o
 .ARM.attributes
                0x000003ad       0x21 startup/startup_stm32.o
 .ARM.attributes
                0x000003ce       0x2d c:/ac6/systemworkbench/plugins/fr.ac6.mcu.externaltools.arm-none.win32_1.15.0.201708311556/tools/compiler/bin/../lib/gcc/arm-none-eabi/6.3.1/../../../../arm-none-eabi/lib/thumb/v7-m\libc.a(lib_a-errno.o)
 .ARM.attributes
                0x000003fb       0x2d c:/ac6/systemworkbench/plugins/fr.ac6.mcu.externaltools.arm-none.win32_1.15.0.201708311556/tools/compiler/bin/../lib/gcc/arm-none-eabi/6.3.1/../../../../arm-none-eabi/lib/thumb/v7-m\libc.a(lib_a-impure.o)
 .ARM.attributes
                0x00000428       0x2d c:/ac6/systemworkbench/plugins/fr.ac6.mcu.externaltools.arm-none.win32_1.15.0.201708311556/tools/compiler/bin/../lib/gcc/arm-none-eabi/6.3.1/../../../../arm-none-eabi/lib/thumb/v7-m\libc.a(lib_a-init.o)
 .ARM.attributes
                0x00000455       0x2d c:/ac6/systemworkbench/plugins/fr.ac6.mcu.externaltools.arm-none.win32_1.15.0.201708311556/tools/compiler/bin/../lib/gcc/arm-none-eabi/6.3.1/../../../../arm-none-eabi/lib/thumb/v7-m\libc.a(lib_a-memset.o)
 .ARM.attributes
                0x00000482       0x2d c:/ac6/systemworkbench/plugins/fr.ac6.mcu.externaltools.arm-none.win32_1.15.0.201708311556/tools/compiler/bin/../lib/gcc/arm-none-eabi/6.3.1/../../../../arm-none-eabi/lib/thumb/v7-m\libc.a(lib_a-sprintf.o)
 .ARM.attributes
                0x000004af       0x2d c:/ac6/systemworkbench/plugins/fr.ac6.mcu.externaltools.arm-none.win32_1.15.0.201708311556/tools/compiler/bin/../lib/gcc/arm-none-eabi/6.3.1/../../../../arm-none-eabi/lib/thumb/v7-m\libc.a(lib_a-strncmp.o)
 .ARM.attributes
                0x000004dc       0x2d c:/ac6/systemworkbench/plugins/fr.ac6.mcu.externaltools.arm-none.win32_1.15.0.201708311556/tools/compiler/bin/../lib/gcc/arm-none-eabi/6.3.1/../../../../arm-none-eabi/lib/thumb/v7-m\libc.a(lib_a-strncpy.o)
 .ARM.attributes
                0x00000509       0x2d c:/ac6/systemworkbench/plugins/fr.ac6.mcu.externaltools.arm-none.win32_1.15.0.201708311556/tools/compiler/bin/../lib/gcc/arm-none-eabi/6.3.1/../../../../arm-none-eabi/lib/thumb/v7-m\libc.a(lib_a-svfprintf.o)
 .ARM.attributes
                0x00000536       0x2d c:/ac6/systemworkbench/plugins/fr.ac6.mcu.externaltools.arm-none.win32_1.15.0.201708311556/tools/compiler/bin/../lib/gcc/arm-none-eabi/6.3.1/../../../../arm-none-eabi/lib/thumb/v7-m\libc.a(lib_a-__call_atexit.o)
 .ARM.attributes
                0x00000563       0x2d c:/ac6/systemworkbench/plugins/fr.ac6.mcu.externaltools.arm-none.win32_1.15.0.201708311556/tools/compiler/bin/../lib/gcc/arm-none-eabi/6.3.1/../../../../arm-none-eabi/lib/thumb/v7-m\libc.a(lib_a-atexit.o)
 .ARM.attributes
                0x00000590       0x2d c:/ac6/systemworkbench/plugins/fr.ac6.mcu.externaltools.arm-none.win32_1.15.0.201708311556/tools/compiler/bin/../lib/gcc/arm-none-eabi/6.3.1/../../../../arm-none-eabi/lib/thumb/v7-m\libc.a(lib_a-dtoa.o)
 .ARM.attributes
                0x000005bd       0x2d c:/ac6/systemworkbench/plugins/fr.ac6.mcu.externaltools.arm-none.win32_1.15.0.201708311556/tools/compiler/bin/../lib/gcc/arm-none-eabi/6.3.1/../../../../arm-none-eabi/lib/thumb/v7-m\libc.a(lib_a-fini.o)
 .ARM.attributes
                0x000005ea       0x2d c:/ac6/systemworkbench/plugins/fr.ac6.mcu.externaltools.arm-none.win32_1.15.0.201708311556/tools/compiler/bin/../lib/gcc/arm-none-eabi/6.3.1/../../../../arm-none-eabi/lib/thumb/v7-m\libc.a(lib_a-localeconv.o)
 .ARM.attributes
                0x00000617       0x2d c:/ac6/systemworkbench/plugins/fr.ac6.mcu.externaltools.arm-none.win32_1.15.0.201708311556/tools/compiler/bin/../lib/gcc/arm-none-eabi/6.3.1/../../../../arm-none-eabi/lib/thumb/v7-m\libc.a(lib_a-lock.o)
 .ARM.attributes
                0x00000644       0x2d c:/ac6/systemworkbench/plugins/fr.ac6.mcu.externaltools.arm-none.win32_1.15.0.201708311556/tools/compiler/bin/../lib/gcc/arm-none-eabi/6.3.1/../../../../arm-none-eabi/lib/thumb/v7-m\libc.a(lib_a-mallocr.o)
 .ARM.attributes
                0x00000671       0x2d c:/ac6/systemworkbench/plugins/fr.ac6.mcu.externaltools.arm-none.win32_1.15.0.201708311556/tools/compiler/bin/../lib/gcc/arm-none-eabi/6.3.1/../../../../arm-none-eabi/lib/thumb/v7-m\libc.a(lib_a-memchr-stub.o)
 .ARM.attributes
                0x0000069e       0x1b c:/ac6/systemworkbench/plugins/fr.ac6.mcu.externaltools.arm-none.win32_1.15.0.201708311556/tools/compiler/bin/../lib/gcc/arm-none-eabi/6.3.1/../../../../arm-none-eabi/lib/thumb/v7-m\libc.a(lib_a-memcpy.o)
 .ARM.attributes
                0x000006b9       0x2d c:/ac6/systemworkbench/plugins/fr.ac6.mcu.externaltools.arm-none.win32_1.15.0.201708311556/tools/compiler/bin/../lib/gcc/arm-none-eabi/6.3.1/../../../../arm-none-eabi/lib/thumb/v7-m\libc.a(lib_a-mlock.o)
 .ARM.attributes
                0x000006e6       0x2d c:/ac6/systemworkbench/plugins/fr.ac6.mcu.externaltools.arm-none.win32_1.15.0.201708311556/tools/compiler/bin/../lib/gcc/arm-none-eabi/6.3.1/../../../../arm-none-eabi/lib/thumb/v7-m\libc.a(lib_a-mprec.o)
 .ARM.attributes
                0x00000713       0x2d c:/ac6/systemworkbench/plugins/fr.ac6.mcu.externaltools.arm-none.win32_1.15.0.201708311556/tools/compiler/bin/../lib/gcc/arm-none-eabi/6.3.1/../../../../arm-none-eabi/lib/thumb/v7-m\libc.a(lib_a-sbrkr.o)
 .ARM.attributes
                0x00000740       0x2d c:/ac6/systemworkbench/plugins/fr.ac6.mcu.externaltools.arm-none.win32_1.15.0.201708311556/tools/compiler/bin/../lib/gcc/arm-none-eabi/6.3.1/../../../../arm-none-eabi/lib/thumb/v7-m\libc.a(lib_a-strlen-stub.o)
 .ARM.attributes
                0x0000076d       0x2d c:/ac6/systemworkbench/plugins/fr.ac6.mcu.externaltools.arm-none.win32_1.15.0.201708311556/tools/compiler/bin/../lib/gcc/arm-none-eabi/6.3.1/../../../../arm-none-eabi/lib/thumb/v7-m\libc.a(lib_a-svfiprintf.o)
 .ARM.attributes
                0x0000079a       0x2d c:/ac6/systemworkbench/plugins/fr.ac6.mcu.externaltools.arm-none.win32_1.15.0.201708311556/tools/compiler/bin/../lib/gcc/arm-none-eabi/6.3.1/../../../../arm-none-eabi/lib/thumb/v7-m\libc.a(lib_a-__atexit.o)
 .ARM.attributes
                0x000007c7       0x2d c:/ac6/systemworkbench/plugins/fr.ac6.mcu.externaltools.arm-none.win32_1.15.0.201708311556/tools/compiler/bin/../lib/gcc/arm-none-eabi/6.3.1/../../../../arm-none-eabi/lib/thumb/v7-m\libc.a(lib_a-callocr.o)
 .ARM.attributes
                0x000007f4       0x2d c:/ac6/systemworkbench/plugins/fr.ac6.mcu.externaltools.arm-none.win32_1.15.0.201708311556/tools/compiler/bin/../lib/gcc/arm-none-eabi/6.3.1/../../../../arm-none-eabi/lib/thumb/v7-m\libc.a(lib_a-freer.o)
 .ARM.attributes
                0x00000821       0x2d c:/ac6/systemworkbench/plugins/fr.ac6.mcu.externaltools.arm-none.win32_1.15.0.201708311556/tools/compiler/bin/../lib/gcc/arm-none-eabi/6.3.1/../../../../arm-none-eabi/lib/thumb/v7-m\libc.a(lib_a-locale.o)
 .ARM.attributes
                0x0000084e       0x2d c:/ac6/systemworkbench/plugins/fr.ac6.mcu.externaltools.arm-none.win32_1.15.0.201708311556/tools/compiler/bin/../lib/gcc/arm-none-eabi/6.3.1/../../../../arm-none-eabi/lib/thumb/v7-m\libc.a(lib_a-mbtowc_r.o)
 .ARM.attributes
                0x0000087b       0x2d c:/ac6/systemworkbench/plugins/fr.ac6.mcu.externaltools.arm-none.win32_1.15.0.201708311556/tools/compiler/bin/../lib/gcc/arm-none-eabi/6.3.1/../../../../arm-none-eabi/lib/thumb/v7-m\libc.a(lib_a-memmove.o)
 .ARM.attributes
                0x000008a8       0x2d c:/ac6/systemworkbench/plugins/fr.ac6.mcu.externaltools.arm-none.win32_1.15.0.201708311556/tools/compiler/bin/../lib/gcc/arm-none-eabi/6.3.1/../../../../arm-none-eabi/lib/thumb/v7-m\libc.a(lib_a-reallocr.o)
 .ARM.attributes
                0x000008d5       0x2d c:/ac6/systemworkbench/plugins/fr.ac6.mcu.externaltools.arm-none.win32_1.15.0.201708311556/tools/compiler/bin/../lib/gcc/arm-none-eabi/6.3.1/../../../../arm-none-eabi/lib/thumb/v7-m\libc.a(lib_a-reent.o)
 .ARM.attributes
                0x00000902       0x2d c:/ac6/systemworkbench/plugins/fr.ac6.mcu.externaltools.arm-none.win32_1.15.0.201708311556/tools/compiler/bin/../lib/gcc/arm-none-eabi/6.3.1/../../../../arm-none-eabi/lib/thumb/v7-m\libc.a(lib_a-wctomb_r.o)
 .ARM.attributes
                0x0000092f       0x2d c:/ac6/systemworkbench/plugins/fr.ac6.mcu.externaltools.arm-none.win32_1.15.0.201708311556/tools/compiler/bin/../lib/gcc/arm-none-eabi/6.3.1/../../../../arm-none-eabi/lib/thumb/v7-m\libc.a(lib_a-ctype_.o)
 .ARM.attributes
                0x0000095c       0x1d c:/ac6/systemworkbench/plugins/fr.ac6.mcu.externaltools.arm-none.win32_1.15.0.201708311556/tools/compiler/bin/../lib/gcc/arm-none-eabi/6.3.1/thumb/v7-m\libgcc.a(_arm_addsubdf3.o)
 .ARM.attributes
                0x00000979       0x1d c:/ac6/systemworkbench/plugins/fr.ac6.mcu.externaltools.arm-none.win32_1.15.0.201708311556/tools/compiler/bin/../lib/gcc/arm-none-eabi/6.3.1/thumb/v7-m\libgcc.a(_arm_muldivdf3.o)
 .ARM.attributes
                0x00000996       0x1d c:/ac6/systemworkbench/plugins/fr.ac6.mcu.externaltools.arm-none.win32_1.15.0.201708311556/tools/compiler/bin/../lib/gcc/arm-none-eabi/6.3.1/thumb/v7-m\libgcc.a(_arm_cmpdf2.o)
 .ARM.attributes
                0x000009b3       0x1d c:/ac6/systemworkbench/plugins/fr.ac6.mcu.externaltools.arm-none.win32_1.15.0.201708311556/tools/compiler/bin/../lib/gcc/arm-none-eabi/6.3.1/thumb/v7-m\libgcc.a(_arm_unorddf2.o)
 .ARM.attributes
                0x000009d0       0x1d c:/ac6/systemworkbench/plugins/fr.ac6.mcu.externaltools.arm-none.win32_1.15.0.201708311556/tools/compiler/bin/../lib/gcc/arm-none-eabi/6.3.1/thumb/v7-m\libgcc.a(_arm_fixdfsi.o)
 .ARM.attributes
                0x000009ed       0x1d c:/ac6/systemworkbench/plugins/fr.ac6.mcu.externaltools.arm-none.win32_1.15.0.201708311556/tools/compiler/bin/../lib/gcc/arm-none-eabi/6.3.1/thumb/v7-m\libgcc.a(_aeabi_uldivmod.o)
 .ARM.attributes
                0x00000a0a       0x2d c:/ac6/systemworkbench/plugins/fr.ac6.mcu.externaltools.arm-none.win32_1.15.0.201708311556/tools/compiler/bin/../lib/gcc/arm-none-eabi/6.3.1/thumb/v7-m\libgcc.a(_udivmoddi4.o)
 .ARM.attributes
                0x00000a37       0x1d c:/ac6/systemworkbench/plugins/fr.ac6.mcu.externaltools.arm-none.win32_1.15.0.201708311556/tools/compiler/bin/../lib/gcc/arm-none-eabi/6.3.1/thumb/v7-m\libgcc.a(_dvmd_tls.o)
 .ARM.attributes
                0x00000a54       0x1d c:/ac6/systemworkbench/plugins/fr.ac6.mcu.externaltools.arm-none.win32_1.15.0.201708311556/tools/compiler/bin/../lib/gcc/arm-none-eabi/6.3.1/thumb/v7-m/crtn.o
OUTPUT(tractorDiagnosticsV2.elf elf32-littlearm)

.debug_info     0x00000000     0xbbfa
 .debug_info    0x00000000      0x4ed StdPeriph_Driver/src/misc.o
 .debug_info    0x000004ed      0xb75 StdPeriph_Driver/src/stm32f10x_adc.o
 .debug_info    0x00001062      0x474 StdPeriph_Driver/src/stm32f10x_dma.o
 .debug_info    0x000014d6      0x7b6 StdPeriph_Driver/src/stm32f10x_flash.o
 .debug_info    0x00001c8c      0x6ef StdPeriph_Driver/src/stm32f10x_gpio.o
 .debug_info    0x0000237b      0xb05 StdPeriph_Driver/src/stm32f10x_i2c.o
 .debug_info    0x00002e80      0x8a0 StdPeriph_Driver/src/stm32f10x_rcc.o
 .debug_info    0x00003720     0x1c59 StdPeriph_Driver/src/stm32f10x_tim.o
 .debug_info    0x00005379      0x9e9 StdPeriph_Driver/src/stm32f10x_usart.o
 .debug_info    0x00005d62      0x34e src/AmbientTemperature.o
 .debug_info    0x000060b0      0xbaf src/BMS.o
 .debug_info    0x00006c5f      0xbf1 src/NEO6_GPS.o
 .debug_info    0x00007850      0xccb src/RaspberryPi_Comms.o
 .debug_info    0x0000851b     0x12c9 src/main.o
 .debug_info    0x000097e4     0x1018 src/periph_setup.o
 .debug_info    0x0000a7fc      0xf2a src/syscalls.o
 .debug_info    0x0000b726      0x456 src/system_stm32f10x.o
 .debug_info    0x0000bb7c       0x7e startup/startup_stm32.o

.debug_abbrev   0x00000000     0x2101
 .debug_abbrev  0x00000000      0x184 StdPeriph_Driver/src/misc.o
 .debug_abbrev  0x00000184      0x1ae StdPeriph_Driver/src/stm32f10x_adc.o
 .debug_abbrev  0x00000332      0x185 StdPeriph_Driver/src/stm32f10x_dma.o
 .debug_abbrev  0x000004b7      0x1a3 StdPeriph_Driver/src/stm32f10x_flash.o
 .debug_abbrev  0x0000065a      0x1e0 StdPeriph_Driver/src/stm32f10x_gpio.o
 .debug_abbrev  0x0000083a      0x194 StdPeriph_Driver/src/stm32f10x_i2c.o
 .debug_abbrev  0x000009ce      0x1d2 StdPeriph_Driver/src/stm32f10x_rcc.o
 .debug_abbrev  0x00000ba0      0x1c6 StdPeriph_Driver/src/stm32f10x_tim.o
 .debug_abbrev  0x00000d66      0x192 StdPeriph_Driver/src/stm32f10x_usart.o
 .debug_abbrev  0x00000ef8      0x13f src/AmbientTemperature.o
 .debug_abbrev  0x00001037      0x2c2 src/BMS.o
 .debug_abbrev  0x000012f9      0x25a src/NEO6_GPS.o
 .debug_abbrev  0x00001553      0x29c src/RaspberryPi_Comms.o
 .debug_abbrev  0x000017ef      0x2ca src/main.o
 .debug_abbrev  0x00001ab9      0x1f0 src/periph_setup.o
 .debug_abbrev  0x00001ca9      0x2aa src/syscalls.o
 .debug_abbrev  0x00001f53      0x19c src/system_stm32f10x.o
 .debug_abbrev  0x000020ef       0x12 startup/startup_stm32.o

.debug_aranges  0x00000000      0xc70
 .debug_aranges
                0x00000000       0x40 StdPeriph_Driver/src/misc.o
 .debug_aranges
                0x00000040      0x138 StdPeriph_Driver/src/stm32f10x_adc.o
 .debug_aranges
                0x00000178       0x70 StdPeriph_Driver/src/stm32f10x_dma.o
 .debug_aranges
                0x000001e8       0xf8 StdPeriph_Driver/src/stm32f10x_flash.o
 .debug_aranges
                0x000002e0       0xa8 StdPeriph_Driver/src/stm32f10x_gpio.o
 .debug_aranges
                0x00000388      0x120 StdPeriph_Driver/src/stm32f10x_i2c.o
 .debug_aranges
                0x000004a8      0x118 StdPeriph_Driver/src/stm32f10x_rcc.o
 .debug_aranges
                0x000005c0      0x2f0 StdPeriph_Driver/src/stm32f10x_tim.o
 .debug_aranges
                0x000008b0      0x100 StdPeriph_Driver/src/stm32f10x_usart.o
 .debug_aranges
                0x000009b0       0x30 src/AmbientTemperature.o
 .debug_aranges
                0x000009e0       0x50 src/BMS.o
 .debug_aranges
                0x00000a30       0x30 src/NEO6_GPS.o
 .debug_aranges
                0x00000a60       0x60 src/RaspberryPi_Comms.o
 .debug_aranges
                0x00000ac0       0x38 src/main.o
 .debug_aranges
                0x00000af8       0x68 src/periph_setup.o
 .debug_aranges
                0x00000b60       0xb0 src/syscalls.o
 .debug_aranges
                0x00000c10       0x38 src/system_stm32f10x.o
 .debug_aranges
                0x00000c48       0x28 startup/startup_stm32.o

.debug_ranges   0x00000000      0xb58
 .debug_ranges  0x00000000       0x30 StdPeriph_Driver/src/misc.o
 .debug_ranges  0x00000030      0x128 StdPeriph_Driver/src/stm32f10x_adc.o
 .debug_ranges  0x00000158       0x60 StdPeriph_Driver/src/stm32f10x_dma.o
 .debug_ranges  0x000001b8       0xe8 StdPeriph_Driver/src/stm32f10x_flash.o
 .debug_ranges  0x000002a0       0x98 StdPeriph_Driver/src/stm32f10x_gpio.o
 .debug_ranges  0x00000338      0x110 StdPeriph_Driver/src/stm32f10x_i2c.o
 .debug_ranges  0x00000448      0x108 StdPeriph_Driver/src/stm32f10x_rcc.o
 .debug_ranges  0x00000550      0x2e0 StdPeriph_Driver/src/stm32f10x_tim.o
 .debug_ranges  0x00000830       0xf0 StdPeriph_Driver/src/stm32f10x_usart.o
 .debug_ranges  0x00000920       0x20 src/AmbientTemperature.o
 .debug_ranges  0x00000940       0x40 src/BMS.o
 .debug_ranges  0x00000980       0x20 src/NEO6_GPS.o
 .debug_ranges  0x000009a0       0x50 src/RaspberryPi_Comms.o
 .debug_ranges  0x000009f0       0x28 src/main.o
 .debug_ranges  0x00000a18       0x58 src/periph_setup.o
 .debug_ranges  0x00000a70       0xa0 src/syscalls.o
 .debug_ranges  0x00000b10       0x28 src/system_stm32f10x.o
 .debug_ranges  0x00000b38       0x20 startup/startup_stm32.o

.debug_macro    0x00000000    0x112dc
 .debug_macro   0x00000000      0x18b StdPeriph_Driver/src/misc.o
 .debug_macro   0x0000018b       0x56 StdPeriph_Driver/src/misc.o
 .debug_macro   0x000001e1       0x22 StdPeriph_Driver/src/misc.o
 .debug_macro   0x00000203      0x69f StdPeriph_Driver/src/misc.o
 .debug_macro   0x000008a2     0x7dbe StdPeriph_Driver/src/misc.o
 .debug_macro   0x00008660      0x2df StdPeriph_Driver/src/misc.o
 .debug_macro   0x0000893f      0x144 StdPeriph_Driver/src/misc.o
 .debug_macro   0x00008a83      0x3cf StdPeriph_Driver/src/misc.o
 .debug_macro   0x00008e52       0xc8 StdPeriph_Driver/src/misc.o
 .debug_macro   0x00008f1a      0x17a StdPeriph_Driver/src/misc.o
 .debug_macro   0x00009094       0xac StdPeriph_Driver/src/misc.o
 .debug_macro   0x00009140      0x3ad StdPeriph_Driver/src/misc.o
 .debug_macro   0x000094ed       0x9a StdPeriph_Driver/src/misc.o
 .debug_macro   0x00009587      0x2cf StdPeriph_Driver/src/misc.o
 .debug_macro   0x00009856      0x279 StdPeriph_Driver/src/misc.o
 .debug_macro   0x00009acf      0x2ac StdPeriph_Driver/src/misc.o
 .debug_macro   0x00009d7b      0x2b1 StdPeriph_Driver/src/misc.o
 .debug_macro   0x0000a02c       0x64 StdPeriph_Driver/src/misc.o
 .debug_macro   0x0000a090       0x82 StdPeriph_Driver/src/misc.o
 .debug_macro   0x0000a112      0x3e2 StdPeriph_Driver/src/misc.o
 .debug_macro   0x0000a4f4       0x58 StdPeriph_Driver/src/misc.o
 .debug_macro   0x0000a54c      0x341 StdPeriph_Driver/src/misc.o
 .debug_macro   0x0000a88d      0x2c4 StdPeriph_Driver/src/misc.o
 .debug_macro   0x0000ab51      0x711 StdPeriph_Driver/src/misc.o
 .debug_macro   0x0000b262      0x220 StdPeriph_Driver/src/misc.o
 .debug_macro   0x0000b482       0x34 StdPeriph_Driver/src/misc.o
 .debug_macro   0x0000b4b6       0x35 StdPeriph_Driver/src/misc.o
 .debug_macro   0x0000b4eb       0x85 StdPeriph_Driver/src/misc.o
 .debug_macro   0x0000b570      0x285 StdPeriph_Driver/src/stm32f10x_adc.o
 .debug_macro   0x0000b7f5      0x13e StdPeriph_Driver/src/stm32f10x_adc.o
 .debug_macro   0x0000b933       0x8b StdPeriph_Driver/src/stm32f10x_adc.o
 .debug_macro   0x0000b9be      0x1dd StdPeriph_Driver/src/stm32f10x_dma.o
 .debug_macro   0x0000bb9b      0x3a7 StdPeriph_Driver/src/stm32f10x_dma.o
 .debug_macro   0x0000bf42      0x22d StdPeriph_Driver/src/stm32f10x_flash.o
 .debug_macro   0x0000c16f      0x2c9 StdPeriph_Driver/src/stm32f10x_flash.o
 .debug_macro   0x0000c438      0x1d7 StdPeriph_Driver/src/stm32f10x_gpio.o
 .debug_macro   0x0000c60f      0x2a6 StdPeriph_Driver/src/stm32f10x_gpio.o
 .debug_macro   0x0000c8b5      0x25b StdPeriph_Driver/src/stm32f10x_i2c.o
 .debug_macro   0x0000cb10      0x2ab StdPeriph_Driver/src/stm32f10x_i2c.o
 .debug_macro   0x0000cdbb      0x2a1 StdPeriph_Driver/src/stm32f10x_rcc.o
 .debug_macro   0x0000d05c      0x3dc StdPeriph_Driver/src/stm32f10x_rcc.o
 .debug_macro   0x0000d438      0x1a1 StdPeriph_Driver/src/stm32f10x_tim.o
 .debug_macro   0x0000d5d9      0x70b StdPeriph_Driver/src/stm32f10x_tim.o
 .debug_macro   0x0000dce4      0x23d StdPeriph_Driver/src/stm32f10x_usart.o
 .debug_macro   0x0000df21      0x21a StdPeriph_Driver/src/stm32f10x_usart.o
 .debug_macro   0x0000e13b      0x189 src/AmbientTemperature.o
 .debug_macro   0x0000e2c4       0x52 src/AmbientTemperature.o
 .debug_macro   0x0000e316      0x6bd src/AmbientTemperature.o
 .debug_macro   0x0000e9d3      0x315 src/BMS.o
 .debug_macro   0x0000ece8       0x58 src/BMS.o
 .debug_macro   0x0000ed40       0x35 src/BMS.o
 .debug_macro   0x0000ed75       0x9c src/BMS.o
 .debug_macro   0x0000ee11       0x16 src/BMS.o
 .debug_macro   0x0000ee27       0x97 src/BMS.o
 .debug_macro   0x0000eebe      0x330 src/BMS.o
 .debug_macro   0x0000f1ee       0xfd src/BMS.o
 .debug_macro   0x0000f2eb       0x10 src/BMS.o
 .debug_macro   0x0000f2fb       0x58 src/BMS.o
 .debug_macro   0x0000f353       0x1f src/BMS.o
 .debug_macro   0x0000f372       0x43 src/BMS.o
 .debug_macro   0x0000f3b5       0x20 src/BMS.o
 .debug_macro   0x0000f3d5      0x187 src/BMS.o
 .debug_macro   0x0000f55c       0x10 src/BMS.o
 .debug_macro   0x0000f56c       0x1c src/BMS.o
 .debug_macro   0x0000f588       0x52 src/BMS.o
 .debug_macro   0x0000f5da       0x40 src/BMS.o
 .debug_macro   0x0000f61a       0x10 src/BMS.o
 .debug_macro   0x0000f62a       0x40 src/BMS.o
 .debug_macro   0x0000f66a       0xd7 src/BMS.o
 .debug_macro   0x0000f741       0x16 src/BMS.o
 .debug_macro   0x0000f757      0x18b src/BMS.o
 .debug_macro   0x0000f8e2       0x16 src/BMS.o
 .debug_macro   0x0000f8f8       0x35 src/BMS.o
 .debug_macro   0x0000f92d      0x1e1 src/BMS.o
 .debug_macro   0x0000fb0e      0x2fb src/NEO6_GPS.o
 .debug_macro   0x0000fe09       0x16 src/NEO6_GPS.o
 .debug_macro   0x0000fe1f       0x40 src/NEO6_GPS.o
 .debug_macro   0x0000fe5f      0x301 src/RaspberryPi_Comms.o
 .debug_macro   0x00010160      0x318 src/main.o
 .debug_macro   0x00010478       0x16 src/main.o
 .debug_macro   0x0001048e      0x196 src/periph_setup.o
 .debug_macro   0x00010624      0x236 src/syscalls.o
 .debug_macro   0x0001085a       0x52 src/syscalls.o
 .debug_macro   0x000108ac       0x8d src/syscalls.o
 .debug_macro   0x00010939       0x57 src/syscalls.o
 .debug_macro   0x00010990      0x174 src/syscalls.o
 .debug_macro   0x00010b04       0x10 src/syscalls.o
 .debug_macro   0x00010b14       0x10 src/syscalls.o
 .debug_macro   0x00010b24       0x10 src/syscalls.o
 .debug_macro   0x00010b34       0x35 src/syscalls.o
 .debug_macro   0x00010b69      0x122 src/syscalls.o
 .debug_macro   0x00010c8b       0x16 src/syscalls.o
 .debug_macro   0x00010ca1       0x16 src/syscalls.o
 .debug_macro   0x00010cb7       0x29 src/syscalls.o
 .debug_macro   0x00010ce0       0x10 src/syscalls.o
 .debug_macro   0x00010cf0      0x241 src/syscalls.o
 .debug_macro   0x00010f31       0x1c src/syscalls.o
 .debug_macro   0x00010f4d       0x10 src/syscalls.o
 .debug_macro   0x00010f5d      0x159 src/syscalls.o
 .debug_macro   0x000110b6       0x16 src/syscalls.o
 .debug_macro   0x000110cc       0x88 src/syscalls.o
 .debug_macro   0x00011154      0x188 src/system_stm32f10x.o

.debug_line     0x00000000     0x89d3
 .debug_line    0x00000000      0x60b StdPeriph_Driver/src/misc.o
 .debug_line    0x0000060b      0x8f9 StdPeriph_Driver/src/stm32f10x_adc.o
 .debug_line    0x00000f04      0x6f7 StdPeriph_Driver/src/stm32f10x_dma.o
 .debug_line    0x000015fb      0x889 StdPeriph_Driver/src/stm32f10x_flash.o
 .debug_line    0x00001e84      0x78e StdPeriph_Driver/src/stm32f10x_gpio.o
 .debug_line    0x00002612      0x891 StdPeriph_Driver/src/stm32f10x_i2c.o
 .debug_line    0x00002ea3      0x88a StdPeriph_Driver/src/stm32f10x_rcc.o
 .debug_line    0x0000372d      0xf0f StdPeriph_Driver/src/stm32f10x_tim.o
 .debug_line    0x0000463c      0x85c StdPeriph_Driver/src/stm32f10x_usart.o
 .debug_line    0x00004e98      0x66e src/AmbientTemperature.o
 .debug_line    0x00005506      0x7be src/BMS.o
 .debug_line    0x00005cc4      0x7b7 src/NEO6_GPS.o
 .debug_line    0x0000647b      0x843 src/RaspberryPi_Comms.o
 .debug_line    0x00006cbe      0x98a src/main.o
 .debug_line    0x00007648      0x6f8 src/periph_setup.o
 .debug_line    0x00007d40      0x5d4 src/syscalls.o
 .debug_line    0x00008314      0x643 src/system_stm32f10x.o
 .debug_line    0x00008957       0x7c startup/startup_stm32.o

.debug_str      0x00000000    0x578ad
 .debug_str     0x00000000    0x4cb4f StdPeriph_Driver/src/misc.o
                              0x4ccc7 (size before relaxing)
 .debug_str     0x0004cb4f      0xb77 StdPeriph_Driver/src/stm32f10x_adc.o
                              0x4d61b (size before relaxing)
 .debug_str     0x0004d6c6      0x6d6 StdPeriph_Driver/src/stm32f10x_dma.o
                              0x4d16f (size before relaxing)
 .debug_str     0x0004dd9c      0x7f6 StdPeriph_Driver/src/stm32f10x_flash.o
                              0x4d2b1 (size before relaxing)
 .debug_str     0x0004e592      0x5a4 StdPeriph_Driver/src/stm32f10x_gpio.o
                              0x4d03f (size before relaxing)
 .debug_str     0x0004eb36      0x8d6 StdPeriph_Driver/src/stm32f10x_i2c.o
                              0x4d3e1 (size before relaxing)
 .debug_str     0x0004f40c      0xadd StdPeriph_Driver/src/stm32f10x_rcc.o
                              0x4d625 (size before relaxing)
 .debug_str     0x0004fee9      0xbed StdPeriph_Driver/src/stm32f10x_tim.o
                              0x4d743 (size before relaxing)
 .debug_str     0x00050ad6      0x7e9 StdPeriph_Driver/src/stm32f10x_usart.o
                              0x4d34f (size before relaxing)
 .debug_str     0x000512bf      0x283 src/AmbientTemperature.o
                              0x4cd51 (size before relaxing)
 .debug_str     0x00051542     0x4949 src/BMS.o
                              0x51527 (size before relaxing)
 .debug_str     0x00055e8b      0x169 src/NEO6_GPS.o
                              0x50d0c (size before relaxing)
 .debug_str     0x00055ff4       0x9f src/RaspberryPi_Comms.o
                              0x50eeb (size before relaxing)
 .debug_str     0x00056093      0x17f src/main.o
                              0x511c4 (size before relaxing)
 .debug_str     0x00056212      0x483 src/periph_setup.o
                              0x4d53e (size before relaxing)
 .debug_str     0x00056695     0x1192 src/syscalls.o
                               0x7d36 (size before relaxing)
 .debug_str     0x00057827       0x86 src/system_stm32f10x.o
                              0x4cbd3 (size before relaxing)

.comment        0x00000000       0x7f
 .comment       0x00000000       0x7f StdPeriph_Driver/src/misc.o
                                 0x80 (size before relaxing)
 .comment       0x0000007f       0x80 StdPeriph_Driver/src/stm32f10x_adc.o
 .comment       0x0000007f       0x80 StdPeriph_Driver/src/stm32f10x_dma.o
 .comment       0x0000007f       0x80 StdPeriph_Driver/src/stm32f10x_flash.o
 .comment       0x0000007f       0x80 StdPeriph_Driver/src/stm32f10x_gpio.o
 .comment       0x0000007f       0x80 StdPeriph_Driver/src/stm32f10x_i2c.o
 .comment       0x0000007f       0x80 StdPeriph_Driver/src/stm32f10x_rcc.o
 .comment       0x0000007f       0x80 StdPeriph_Driver/src/stm32f10x_tim.o
 .comment       0x0000007f       0x80 StdPeriph_Driver/src/stm32f10x_usart.o
 .comment       0x0000007f       0x80 src/AmbientTemperature.o
 .comment       0x0000007f       0x80 src/BMS.o
 .comment       0x0000007f       0x80 src/NEO6_GPS.o
 .comment       0x0000007f       0x80 src/RaspberryPi_Comms.o
 .comment       0x0000007f       0x80 src/main.o
 .comment       0x0000007f       0x80 src/periph_setup.o
 .comment       0x0000007f       0x80 src/syscalls.o
 .comment       0x0000007f       0x80 src/system_stm32f10x.o

.debug_frame    0x00000000     0x41a8
 .debug_frame   0x00000000       0xd8 StdPeriph_Driver/src/misc.o
 .debug_frame   0x000000d8      0x5a4 StdPeriph_Driver/src/stm32f10x_adc.o
 .debug_frame   0x0000067c      0x1c8 StdPeriph_Driver/src/stm32f10x_dma.o
 .debug_frame   0x00000844      0x410 StdPeriph_Driver/src/stm32f10x_flash.o
 .debug_frame   0x00000c54      0x2d0 StdPeriph_Driver/src/stm32f10x_gpio.o
 .debug_frame   0x00000f24      0x530 StdPeriph_Driver/src/stm32f10x_i2c.o
 .debug_frame   0x00001454      0x4f4 StdPeriph_Driver/src/stm32f10x_rcc.o
 .debug_frame   0x00001948      0xe2c StdPeriph_Driver/src/stm32f10x_tim.o
 .debug_frame   0x00002774      0x490 StdPeriph_Driver/src/stm32f10x_usart.o
 .debug_frame   0x00002c04       0x80 src/AmbientTemperature.o
 .debug_frame   0x00002c84       0xfc src/BMS.o
 .debug_frame   0x00002d80       0x7c src/NEO6_GPS.o
 .debug_frame   0x00002dfc      0x144 src/RaspberryPi_Comms.o
 .debug_frame   0x00002f40       0xa4 src/main.o
 .debug_frame   0x00002fe4      0x174 src/periph_setup.o
 .debug_frame   0x00003158      0x2d4 src/syscalls.o
 .debug_frame   0x0000342c       0x98 src/system_stm32f10x.o
 .debug_frame   0x000034c4       0x20 c:/ac6/systemworkbench/plugins/fr.ac6.mcu.externaltools.arm-none.win32_1.15.0.201708311556/tools/compiler/bin/../lib/gcc/arm-none-eabi/6.3.1/../../../../arm-none-eabi/lib/thumb/v7-m\libc.a(lib_a-errno.o)
 .debug_frame   0x000034e4       0x2c c:/ac6/systemworkbench/plugins/fr.ac6.mcu.externaltools.arm-none.win32_1.15.0.201708311556/tools/compiler/bin/../lib/gcc/arm-none-eabi/6.3.1/../../../../arm-none-eabi/lib/thumb/v7-m\libc.a(lib_a-init.o)
 .debug_frame   0x00003510       0x34 c:/ac6/systemworkbench/plugins/fr.ac6.mcu.externaltools.arm-none.win32_1.15.0.201708311556/tools/compiler/bin/../lib/gcc/arm-none-eabi/6.3.1/../../../../arm-none-eabi/lib/thumb/v7-m\libc.a(lib_a-memset.o)
 .debug_frame   0x00003544       0x84 c:/ac6/systemworkbench/plugins/fr.ac6.mcu.externaltools.arm-none.win32_1.15.0.201708311556/tools/compiler/bin/../lib/gcc/arm-none-eabi/6.3.1/../../../../arm-none-eabi/lib/thumb/v7-m\libc.a(lib_a-sprintf.o)
 .debug_frame   0x000035c8       0x54 c:/ac6/systemworkbench/plugins/fr.ac6.mcu.externaltools.arm-none.win32_1.15.0.201708311556/tools/compiler/bin/../lib/gcc/arm-none-eabi/6.3.1/../../../../arm-none-eabi/lib/thumb/v7-m\libc.a(lib_a-strncmp.o)
 .debug_frame   0x0000361c       0x34 c:/ac6/systemworkbench/plugins/fr.ac6.mcu.externaltools.arm-none.win32_1.15.0.201708311556/tools/compiler/bin/../lib/gcc/arm-none-eabi/6.3.1/../../../../arm-none-eabi/lib/thumb/v7-m\libc.a(lib_a-strncpy.o)
 .debug_frame   0x00003650       0x40 c:/ac6/systemworkbench/plugins/fr.ac6.mcu.externaltools.arm-none.win32_1.15.0.201708311556/tools/compiler/bin/../lib/gcc/arm-none-eabi/6.3.1/../../../../arm-none-eabi/lib/thumb/v7-m\libc.a(lib_a-svfprintf.o)
 .debug_frame   0x00003690       0x5c c:/ac6/systemworkbench/plugins/fr.ac6.mcu.externaltools.arm-none.win32_1.15.0.201708311556/tools/compiler/bin/../lib/gcc/arm-none-eabi/6.3.1/../../../../arm-none-eabi/lib/thumb/v7-m\libc.a(lib_a-__call_atexit.o)
 .debug_frame   0x000036ec       0x20 c:/ac6/systemworkbench/plugins/fr.ac6.mcu.externaltools.arm-none.win32_1.15.0.201708311556/tools/compiler/bin/../lib/gcc/arm-none-eabi/6.3.1/../../../../arm-none-eabi/lib/thumb/v7-m\libc.a(lib_a-atexit.o)
 .debug_frame   0x0000370c       0x84 c:/ac6/systemworkbench/plugins/fr.ac6.mcu.externaltools.arm-none.win32_1.15.0.201708311556/tools/compiler/bin/../lib/gcc/arm-none-eabi/6.3.1/../../../../arm-none-eabi/lib/thumb/v7-m\libc.a(lib_a-dtoa.o)
 .debug_frame   0x00003790       0x34 c:/ac6/systemworkbench/plugins/fr.ac6.mcu.externaltools.arm-none.win32_1.15.0.201708311556/tools/compiler/bin/../lib/gcc/arm-none-eabi/6.3.1/../../../../arm-none-eabi/lib/thumb/v7-m\libc.a(lib_a-fini.o)
 .debug_frame   0x000037c4       0x40 c:/ac6/systemworkbench/plugins/fr.ac6.mcu.externaltools.arm-none.win32_1.15.0.201708311556/tools/compiler/bin/../lib/gcc/arm-none-eabi/6.3.1/../../../../arm-none-eabi/lib/thumb/v7-m\libc.a(lib_a-localeconv.o)
 .debug_frame   0x00003804       0xb0 c:/ac6/systemworkbench/plugins/fr.ac6.mcu.externaltools.arm-none.win32_1.15.0.201708311556/tools/compiler/bin/../lib/gcc/arm-none-eabi/6.3.1/../../../../arm-none-eabi/lib/thumb/v7-m\libc.a(lib_a-lock.o)
 .debug_frame   0x000038b4       0x54 c:/ac6/systemworkbench/plugins/fr.ac6.mcu.externaltools.arm-none.win32_1.15.0.201708311556/tools/compiler/bin/../lib/gcc/arm-none-eabi/6.3.1/../../../../arm-none-eabi/lib/thumb/v7-m\libc.a(lib_a-mallocr.o)
 .debug_frame   0x00003908       0x34 c:/ac6/systemworkbench/plugins/fr.ac6.mcu.externaltools.arm-none.win32_1.15.0.201708311556/tools/compiler/bin/../lib/gcc/arm-none-eabi/6.3.1/../../../../arm-none-eabi/lib/thumb/v7-m\libc.a(lib_a-memchr-stub.o)
 .debug_frame   0x0000393c       0x30 c:/ac6/systemworkbench/plugins/fr.ac6.mcu.externaltools.arm-none.win32_1.15.0.201708311556/tools/compiler/bin/../lib/gcc/arm-none-eabi/6.3.1/../../../../arm-none-eabi/lib/thumb/v7-m\libc.a(lib_a-mlock.o)
 .debug_frame   0x0000396c      0x260 c:/ac6/systemworkbench/plugins/fr.ac6.mcu.externaltools.arm-none.win32_1.15.0.201708311556/tools/compiler/bin/../lib/gcc/arm-none-eabi/6.3.1/../../../../arm-none-eabi/lib/thumb/v7-m\libc.a(lib_a-mprec.o)
 .debug_frame   0x00003bcc       0x2c c:/ac6/systemworkbench/plugins/fr.ac6.mcu.externaltools.arm-none.win32_1.15.0.201708311556/tools/compiler/bin/../lib/gcc/arm-none-eabi/6.3.1/../../../../arm-none-eabi/lib/thumb/v7-m\libc.a(lib_a-sbrkr.o)
 .debug_frame   0x00003bf8       0x20 c:/ac6/systemworkbench/plugins/fr.ac6.mcu.externaltools.arm-none.win32_1.15.0.201708311556/tools/compiler/bin/../lib/gcc/arm-none-eabi/6.3.1/../../../../arm-none-eabi/lib/thumb/v7-m\libc.a(lib_a-strlen-stub.o)
 .debug_frame   0x00003c18       0x78 c:/ac6/systemworkbench/plugins/fr.ac6.mcu.externaltools.arm-none.win32_1.15.0.201708311556/tools/compiler/bin/../lib/gcc/arm-none-eabi/6.3.1/../../../../arm-none-eabi/lib/thumb/v7-m\libc.a(lib_a-svfiprintf.o)
 .debug_frame   0x00003c90       0x34 c:/ac6/systemworkbench/plugins/fr.ac6.mcu.externaltools.arm-none.win32_1.15.0.201708311556/tools/compiler/bin/../lib/gcc/arm-none-eabi/6.3.1/../../../../arm-none-eabi/lib/thumb/v7-m\libc.a(lib_a-__atexit.o)
 .debug_frame   0x00003cc4       0x28 c:/ac6/systemworkbench/plugins/fr.ac6.mcu.externaltools.arm-none.win32_1.15.0.201708311556/tools/compiler/bin/../lib/gcc/arm-none-eabi/6.3.1/../../../../arm-none-eabi/lib/thumb/v7-m\libc.a(lib_a-callocr.o)
 .debug_frame   0x00003cec       0x74 c:/ac6/systemworkbench/plugins/fr.ac6.mcu.externaltools.arm-none.win32_1.15.0.201708311556/tools/compiler/bin/../lib/gcc/arm-none-eabi/6.3.1/../../../../arm-none-eabi/lib/thumb/v7-m\libc.a(lib_a-freer.o)
 .debug_frame   0x00003d60       0x6c c:/ac6/systemworkbench/plugins/fr.ac6.mcu.externaltools.arm-none.win32_1.15.0.201708311556/tools/compiler/bin/../lib/gcc/arm-none-eabi/6.3.1/../../../../arm-none-eabi/lib/thumb/v7-m\libc.a(lib_a-locale.o)
 .debug_frame   0x00003dcc       0x4c c:/ac6/systemworkbench/plugins/fr.ac6.mcu.externaltools.arm-none.win32_1.15.0.201708311556/tools/compiler/bin/../lib/gcc/arm-none-eabi/6.3.1/../../../../arm-none-eabi/lib/thumb/v7-m\libc.a(lib_a-mbtowc_r.o)
 .debug_frame   0x00003e18       0x30 c:/ac6/systemworkbench/plugins/fr.ac6.mcu.externaltools.arm-none.win32_1.15.0.201708311556/tools/compiler/bin/../lib/gcc/arm-none-eabi/6.3.1/../../../../arm-none-eabi/lib/thumb/v7-m\libc.a(lib_a-memmove.o)
 .debug_frame   0x00003e48       0x68 c:/ac6/systemworkbench/plugins/fr.ac6.mcu.externaltools.arm-none.win32_1.15.0.201708311556/tools/compiler/bin/../lib/gcc/arm-none-eabi/6.3.1/../../../../arm-none-eabi/lib/thumb/v7-m\libc.a(lib_a-reallocr.o)
 .debug_frame   0x00003eb0       0x58 c:/ac6/systemworkbench/plugins/fr.ac6.mcu.externaltools.arm-none.win32_1.15.0.201708311556/tools/compiler/bin/../lib/gcc/arm-none-eabi/6.3.1/../../../../arm-none-eabi/lib/thumb/v7-m\libc.a(lib_a-reent.o)
 .debug_frame   0x00003f08       0x3c c:/ac6/systemworkbench/plugins/fr.ac6.mcu.externaltools.arm-none.win32_1.15.0.201708311556/tools/compiler/bin/../lib/gcc/arm-none-eabi/6.3.1/../../../../arm-none-eabi/lib/thumb/v7-m\libc.a(lib_a-wctomb_r.o)
 .debug_frame   0x00003f44       0xac c:/ac6/systemworkbench/plugins/fr.ac6.mcu.externaltools.arm-none.win32_1.15.0.201708311556/tools/compiler/bin/../lib/gcc/arm-none-eabi/6.3.1/thumb/v7-m\libgcc.a(_arm_addsubdf3.o)
 .debug_frame   0x00003ff0       0x50 c:/ac6/systemworkbench/plugins/fr.ac6.mcu.externaltools.arm-none.win32_1.15.0.201708311556/tools/compiler/bin/../lib/gcc/arm-none-eabi/6.3.1/thumb/v7-m\libgcc.a(_arm_muldivdf3.o)
 .debug_frame   0x00004040       0xc4 c:/ac6/systemworkbench/plugins/fr.ac6.mcu.externaltools.arm-none.win32_1.15.0.201708311556/tools/compiler/bin/../lib/gcc/arm-none-eabi/6.3.1/thumb/v7-m\libgcc.a(_arm_cmpdf2.o)
 .debug_frame   0x00004104       0x20 c:/ac6/systemworkbench/plugins/fr.ac6.mcu.externaltools.arm-none.win32_1.15.0.201708311556/tools/compiler/bin/../lib/gcc/arm-none-eabi/6.3.1/thumb/v7-m\libgcc.a(_arm_unorddf2.o)